Archive member included to satisfy reference by file (symbol)

D:\MESH\CH592EVT\EVT\EXAM\SRC\StdPeriphDriver\libISP592.a(ISP583.o)
                              ./StdPeriphDriver/CH59x_flash.o (FLASH_EEPROM_CMD)
D:\MESH\CH592EVT\EVT\EXAM\BLE\MESH\MESH_LIB\libMESH.a(mesh_access.o)
                              ./APP/app_vendor_model_cli.o (bt_mesh_model_msg_init)
D:\MESH\CH592EVT\EVT\EXAM\BLE\MESH\MESH_LIB\libMESH.a(mesh_adapt.o)
                              D:\MESH\CH592EVT\EVT\EXAM\BLE\MESH\MESH_LIB\libMESH.a(mesh_access.o) (k_uptime_get_32)
D:\MESH\CH592EVT\EVT\EXAM\BLE\MESH\MESH_LIB\libMESH.a(mesh_adv.o)
                              D:\MESH\CH592EVT\EVT\EXAM\BLE\MESH\MESH_LIB\libMESH.a(mesh_adapt.o) (adv_conn_set_state)
D:\MESH\CH592EVT\EVT\EXAM\BLE\MESH\MESH_LIB\libMESH.a(mesh_api.o)
                              D:\MESH\CH592EVT\EVT\EXAM\BLE\MESH\MESH_LIB\libMESH.a(mesh_adv.o) (adv_buf_count_get)
D:\MESH\CH592EVT\EVT\EXAM\BLE\MESH\MESH_LIB\libMESH.a(mesh_beacon.o)
                              D:\MESH\CH592EVT\EVT\EXAM\BLE\MESH\MESH_LIB\libMESH.a(mesh_adv.o) (bt_mesh_beacon_recv)
D:\MESH\CH592EVT\EVT\EXAM\BLE\MESH\MESH_LIB\libMESH.a(mesh_buf.o)
                              D:\MESH\CH592EVT\EVT\EXAM\BLE\MESH\MESH_LIB\libMESH.a(mesh_beacon.o) (net_buf_simple_pull_mem)
D:\MESH\CH592EVT\EVT\EXAM\BLE\MESH\MESH_LIB\libMESH.a(mesh_cfg_cli.o)
                              ./APP/app.o (bt_mesh_cfg_app_key_add)
D:\MESH\CH592EVT\EVT\EXAM\BLE\MESH\MESH_LIB\libMESH.a(mesh_cfg_srv.o)
                              D:\MESH\CH592EVT\EVT\EXAM\BLE\MESH\MESH_LIB\libMESH.a(mesh_api.o) (_set_mesh_configserver_buf)
D:\MESH\CH592EVT\EVT\EXAM\BLE\MESH\MESH_LIB\libMESH.a(mesh_crypto.o)
                              D:\MESH\CH592EVT\EVT\EXAM\BLE\MESH\MESH_LIB\libMESH.a(mesh_beacon.o) (bt_mesh_aes_cmac)
D:\MESH\CH592EVT\EVT\EXAM\BLE\MESH\MESH_LIB\libMESH.a(mesh_friend.o)
                              D:\MESH\CH592EVT\EVT\EXAM\BLE\MESH\MESH_LIB\libMESH.a(mesh_api.o) (_set_mesh_friend_buf)
D:\MESH\CH592EVT\EVT\EXAM\BLE\MESH\MESH_LIB\libMESH.a(mesh_hal_rf.o)
                              D:\MESH\CH592EVT\EVT\EXAM\BLE\MESH\MESH_LIB\libMESH.a(mesh_adapt.o) (hal_rf_set_rx_cb)
D:\MESH\CH592EVT\EVT\EXAM\BLE\MESH\MESH_LIB\libMESH.a(mesh_health_cli.o)
                              D:\MESH\CH592EVT\EVT\EXAM\BLE\MESH\MESH_LIB\libMESH.a(mesh_access.o) (bt_mesh_health_cli_cb)
D:\MESH\CH592EVT\EVT\EXAM\BLE\MESH\MESH_LIB\libMESH.a(mesh_health_srv.o)
                              ./APP/app.o (bt_mesh_health_mod_srv_cb)
D:\MESH\CH592EVT\EVT\EXAM\BLE\MESH\MESH_LIB\libMESH.a(mesh_lpn.o)
                              D:\MESH\CH592EVT\EVT\EXAM\BLE\MESH\MESH_LIB\libMESH.a(mesh_api.o) (bt_mesh_lpn_disable)
D:\MESH\CH592EVT\EVT\EXAM\BLE\MESH\MESH_LIB\libMESH.a(mesh_mem.o)
                              D:\MESH\CH592EVT\EVT\EXAM\BLE\MESH\MESH_LIB\libMESH.a(mesh_cfg_srv.o) (get_msb_set)
D:\MESH\CH592EVT\EVT\EXAM\BLE\MESH\MESH_LIB\libMESH.a(mesh_net.o)
                              D:\MESH\CH592EVT\EVT\EXAM\BLE\MESH\MESH_LIB\libMESH.a(mesh_api.o) (_set_mesh_net_buf)
D:\MESH\CH592EVT\EVT\EXAM\BLE\MESH\MESH_LIB\libMESH.a(mesh_nvs.o)
                              D:\MESH\CH592EVT\EVT\EXAM\BLE\MESH\MESH_LIB\libMESH.a(mesh_api.o) (_set_mesh_settings_buf)
D:\MESH\CH592EVT\EVT\EXAM\BLE\MESH\MESH_LIB\libMESH.a(mesh_prov.o)
                              D:\MESH\CH592EVT\EVT\EXAM\BLE\MESH\MESH_LIB\libMESH.a(mesh_nvs.o) (bt_mesh_node_alloc)
D:\MESH\CH592EVT\EVT\EXAM\BLE\MESH\MESH_LIB\libMESH.a(mesh_proxy.o)
                              D:\MESH\CH592EVT\EVT\EXAM\BLE\MESH\MESH_LIB\libMESH.a(mesh_api.o) (_set_mesh_proxy_buf)
D:\MESH\CH592EVT\EVT\EXAM\BLE\MESH\MESH_LIB\libMESH.a(mesh_transport.o)
                              D:\MESH\CH592EVT\EVT\EXAM\BLE\MESH\MESH_LIB\libMESH.a(mesh_api.o) (_set_mesh_transport_buf)
D:\MESH\CH592EVT\EVT\EXAM\BLE\MESH\MESH_LIB\libMESH.a(mesh_work_process.o)
                              D:\MESH\CH592EVT\EVT\EXAM\BLE\MESH\MESH_LIB\libMESH.a(mesh_net.o) (k_work_init)
D:\MESH\CH592EVT\EVT\EXAM\BLE\MESH\MESH_LIB\libMESH.a(mesh_work_timer.o)
                              D:\MESH\CH592EVT\EVT\EXAM\BLE\MESH\MESH_LIB\libMESH.a(mesh_work_process.o) (z_timeout_remaining)
D:\MESH\CH592EVT\EVT\EXAM\BLE\MESH\MESH_LIB\libMESH.a(uECC.o)
                              D:\MESH\CH592EVT\EVT\EXAM\BLE\MESH\MESH_LIB\libMESH.a(mesh_crypto.o) (uECC_set_rng)
D:\MESH\CH592EVT\EVT\EXAM\BLE\LIB\libCH59xBLE.a(message.o)
                              ./HAL/MCU.o (tmos_msg_deallocate)
D:\MESH\CH592EVT\EVT\EXAM\BLE\LIB\libCH59xBLE.a(tmos.o)
                              D:\MESH\CH592EVT\EVT\EXAM\BLE\MESH\MESH_LIB\libMESH.a(mesh_adv.o) (tmos_rand)
D:\MESH\CH592EVT\EVT\EXAM\BLE\LIB\libCH59xBLE.a(tmos_hw.o)
                              D:\MESH\CH592EVT\EVT\EXAM\BLE\LIB\libCH59xBLE.a(tmos.o) (bleClock_t)
D:\MESH\CH592EVT\EVT\EXAM\BLE\LIB\libCH59xBLE.a(tmos_snv.o)
[...]
Memory Configuration

Name             Origin             Length             Attributes
FLASH            0x0000000000000000 0x0000000000070000 xr
RAM              0x0000000020000000 0x0000000000006800 xrw
*default*        0x0000000000000000 0xffffffffffffffff

Linker script and memory map

LOAD ./StdPeriphDriver/CH59x_adc.o
LOAD ./StdPeriphDriver/CH59x_clk.o
LOAD ./StdPeriphDriver/CH59x_flash.o
LOAD ./StdPeriphDriver/CH59x_gpio.o
LOAD ./StdPeriphDriver/CH59x_i2c.o
LOAD ./StdPeriphDriver/CH59x_lcd.o
LOAD ./StdPeriphDriver/CH59x_pwm.o
LOAD ./StdPeriphDriver/CH59x_pwr.o
LOAD ./StdPeriphDriver/CH59x_spi0.o
LOAD ./StdPeriphDriver/CH59x_sys.o
LOAD ./StdPeriphDriver/CH59x_timer0.o
LOAD ./StdPeriphDriver/CH59x_timer1.o
LOAD ./StdPeriphDriver/CH59x_timer2.o
LOAD ./StdPeriphDriver/CH59x_timer3.o
LOAD ./StdPeriphDriver/CH59x_uart0.o
LOAD ./StdPeriphDriver/CH59x_uart1.o
LOAD ./StdPeriphDriver/CH59x_uart2.o
LOAD ./StdPeriphDriver/CH59x_uart3.o
LOAD ./StdPeriphDriver/CH59x_usbdev.o
LOAD ./StdPeriphDriver/CH59x_usbhostBase.o
LOAD ./StdPeriphDriver/CH59x_usbhostClass.o
LOAD ./Startup/startup_CH592.o
LOAD ./RVMSIS/core_riscv.o
LOAD ./LIB/ble_task_scheduler.o
LOAD ./HAL/KEY.o
LOAD ./HAL/LED.o
LOAD ./HAL/MCU.o
LOAD ./HAL/RTC.o
LOAD ./HAL/SLEEP.o
LOAD ./APP/app.o
LOAD ./APP/app_drv_fifo.o
LOAD ./APP/app_main.o
LOAD ./APP/app_mesh_config.o
LOAD ./APP/app_vendor_model_cli.o
LOAD D:\MESH\CH592EVT\EVT\EXAM\SRC\StdPeriphDriver\libISP592.a
LOAD D:\MESH\CH592EVT\EVT\EXAM\BLE\MESH\MESH_LIB\libMESH.a
LOAD D:\MESH\CH592EVT\EVT\EXAM\BLE\LIB\libCH59xBLE.a
LOAD d:/mounriver/mounriver_studio/toolchain/risc-v embedded gcc/bin/../lib/gcc/riscv-none-embed/8.2.0/rv32imac/ilp32\libgcc.a
LOAD d:/mounriver/mounriver_studio/toolchain/risc-v embedded gcc/bin/../lib/gcc/riscv-none-embed/8.2.0/../../../../riscv-none-embed/lib/rv32imac/ilp32\libg_nano.a
LOAD d:/mounriver/mounriver_studio/toolchain/risc-v embedded gcc/bin/../lib/gcc/riscv-none-embed/8.2.0/../../../../riscv-none-embed/lib/rv32imac/ilp32\libc_nano.a
LOAD d:/mounriver/mounriver_studio/toolchain/risc-v embedded gcc/bin/../lib/gcc/riscv-none-embed/8.2.0/rv32imac/ilp32\libgcc.a
START GROUP
LOAD d:/mounriver/mounriver_studio/toolchain/risc-v embedded gcc/bin/../lib/gcc/riscv-none-embed/8.2.0/rv32imac/ilp32\libgcc.a
LOAD d:/mounriver/mounriver_studio/toolchain/risc-v embedded gcc/bin/../lib/gcc/riscv-none-embed/8.2.0/../../../../riscv-none-embed/lib/rv32imac/ilp32\libc_nano.a
LOAD d:/mounriver/mounriver_studio/toolchain/risc-v embedded gcc/bin/../lib/gcc/riscv-none-embed/8.2.0/../../../../riscv-none-embed/lib/rv32imac/ilp32\libnosys.a
END GROUP
START GROUP
LOAD d:/mounriver/mounriver_studio/toolchain/risc-v embedded gcc/bin/../lib/gcc/riscv-none-embed/8.2.0/rv32imac/ilp32\libgcc.a
LOAD d:/mounriver/mounriver_studio/toolchain/risc-v embedded gcc/bin/../lib/gcc/riscv-none-embed/8.2.0/../../../../riscv-none-embed/lib/rv32imac/ilp32\libc_nano.a
LOAD d:/mounriver/mounriver_studio/toolchain/risc-v embedded gcc/bin/../lib/gcc/riscv-none-embed/8.2.0/../../../../riscv-none-embed/lib/rv32imac/ilp32\libnosys.a
END GROUP
                0x0000000000000200                __stack_size = 0x200
                [!provide]                        PROVIDE (_stack_size = __stack_size)

.init           0x0000000000000000        0x4
                0x0000000000000000                _sinit = .
                0x0000000000000000                . = ALIGN (0x4)
 *(SORT_NONE(.init))
 .init          0x0000000000000000        0x4 ./Startup/startup_CH592.o
                0x0000000000000000                _start
                0x0000000000000004                . = ALIGN (0x4)
                0x0000000000000004                _einit = .

.highcodelalign
                0x0000000000000004        0x0
                0x0000000000000004                . = ALIGN (0x4)
                0x0000000000000004                PROVIDE (_highcode_lma = .)

.highcode       0x0000000020000000     0x1a48 load address 0x0000000000000004
                0x0000000020000000                . = ALIGN (0x4)
                0x0000000020000000                PROVIDE (_highcode_vma_start = .)
 *(.vector)
 .vector        0x0000000020000000       0x90 ./Startup/startup_CH592.o
 *(SORT_NONE(.vector_handler))
 .vector_handler
                0x0000000020000090        0x2 ./Startup/startup_CH592.o
                0x0000000020000090                GPIOB_IRQHandler
                0x0000000020000090                GPIOA_IRQHandler
                0x0000000020000090                SysTick_Handler
                0x0000000020000090                NMI_Handler
                0x0000000020000090                UART0_IRQHandler
                0x0000000020000090                BB_IRQHandler
                0x0000000020000090                Break_Point_Handler
                0x0000000020000090                TMR0_IRQHandler
                0x0000000020000090                UART2_IRQHandler
                0x0000000020000090                PWMX_IRQHandler
                0x0000000020000090                ADC_IRQHandler
                0x0000000020000090                TMR2_IRQHandler
                0x0000000020000090                USB_IRQHandler
                0x0000000020000090                I2C_IRQHandler
                0x0000000020000090                WDOG_BAT_IRQHandler
                0x0000000020000090                TMR3_IRQHandler
                0x0000000020000090                SW_Handler
                0x0000000020000090                SPI0_IRQHandler
                0x0000000020000090                UART3_IRQHandler
                0x0000000020000090                TMR1_IRQHandler
 *(.highcode)
 .highcode      0x0000000020000092       0x18 ./StdPeriphDriver/CH59x_clk.o
                0x0000000020000092                RTC_GetCycle32k
 .highcode      0x00000000200000aa      0x2b0 ./StdPeriphDriver/CH59x_sys.o
                0x00000000200000aa                SetSysClock
                0x000000002000024c                SYS_ResetExecute
                0x00000000200002a4                HardFault_Handler
                0x0000000020000324                mDelayuS
                0x0000000020000332                mDelaymS
 *fill*         0x000000002000035a        0x2 
 .highcode      0x000000002000035c       0x4e ./LIB/ble_task_scheduler.o
                0x000000002000035c                Ecall_U_Mode_Handler
                0x000000002000035c                Ecall_M_Mode_Handler
 .highcode      0x00000000200003aa       0x2e ./HAL/RTC.o
                0x00000000200003c2                RTC_IRQHandler
 .highcode      0x00000000200003d8      0x110 ./APP/app.o
                0x00000000200003d8                UART1_IRQHandler
 .highcode      0x00000000200004e8        0xa ./APP/app_main.o
                0x00000000200004e8                Main_Circulation
 .highcode      0x00000000200004f2      0x426 D:\MESH\CH592EVT\EVT\EXAM\SRC\StdPeriphDriver\libISP592.a(ISP583.o)
                0x00000000200004f2                FLASH_ROM_BEG
                0x0000000020000504                FLASH_ROM_END
                0x0000000020000512                FLASH_ROM_IN
                0x0000000020000520                FLASH_ROM_OUT
                0x000000002000052e                FLASH_ROM_ADDR
                0x0000000020000576                FLASH_ROM_WAIT
                0x00000000200005ae                FLASH_EEPROM_CMD
 .highcode      0x0000000020000918       0x2e D:\MESH\CH592EVT\EVT\EXAM\BLE\MESH\MESH_LIB\libMESH.a(mesh_hal_rf.o)
                0x0000000020000918                RF_Wait_Tx_End
 .highcode      0x0000000020000946      0x31c D:\MESH\CH592EVT\EVT\EXAM\BLE\MESH\MESH_LIB\libMESH.a(uECC.o)
                0x00000000200009d8                uECC_vli_clear
                0x00000000200009f4                uECC_vli_isZero
                0x0000000020000a16                uECC_vli_testBit
                0x0000000020000a2a                uECC_vli_numBits
                0x0000000020000a62                uECC_vli_set
                0x0000000020000a82                uECC_vli_equal
                0x0000000020000ab0                uECC_vli_rshift1
                0x0000000020000ad0                uECC_vli_add
                0x0000000020000b0a                uECC_vli_sub
                0x0000000020000b4a                uECC_vli_cmp
                0x0000000020000b7e                uECC_vli_mult
 *(.highcode.*)
 *fill*         0x0000000020000c62        0x2 
 .highcode.LLE_IRQHandler
                0x0000000020000c64       0x86 ./LIB/ble_task_scheduler.o
                0x0000000020000c64                LLE_IRQHandler
 .highcode.tmos_memcpy
                0x0000000020000cea       0x3e D:\MESH\CH592EVT\EVT\EXAM\BLE\LIB\libCH59xBLE.a(tmos.o)
                0x0000000020000cea                tmos_memcpy
 .highcode.tmos_memset
                0x0000000020000d28       0x32 D:\MESH\CH592EVT\EVT\EXAM\BLE\LIB\libCH59xBLE.a(tmos.o)
                0x0000000020000d28                tmos_memset
 .highcode.tmos_memcmp
                0x0000000020000d5a       0x4e D:\MESH\CH592EVT\EVT\EXAM\BLE\LIB\libCH59xBLE.a(tmos.o)
                0x0000000020000d5a                tmos_memcmp
 .highcode.tmos_revmemcpy
                0x0000000020000da8       0x38 D:\MESH\CH592EVT\EVT\EXAM\BLE\LIB\libCH59xBLE.a(tmos.o)
                0x0000000020000da8                tmos_revmemcpy
 .highcode.tmos_isbufset
                0x0000000020000de0       0x42 D:\MESH\CH592EVT\EVT\EXAM\BLE\LIB\libCH59xBLE.a(tmos.o)
                0x0000000020000de0                tmos_isbufset
 .highcode.tmos_proces_system_time
                0x0000000020000e22      0x144 D:\MESH\CH592EVT\EVT\EXAM\BLE\LIB\libCH59xBLE.a(tmos.o)
 .highcode.ble_controller_func
                0x0000000020000f66       0x40 D:\MESH\CH592EVT\EVT\EXAM\BLE\LIB\libCH59xBLE.a(tmos.o)
                0x0000000020000f66                ble_controller_func
 .highcode.TMOS_SystemProcess
                0x0000000020000fa6      0x206 D:\MESH\CH592EVT\EVT\EXAM\BLE\LIB\libCH59xBLE.a(tmos.o)
                0x0000000020000fa6                TMOS_SystemProcess
 .highcode.clockGetHSEValue
                0x00000000200011ac       0x36 D:\MESH\CH592EVT\EVT\EXAM\BLE\LIB\libCH59xBLE.a(tmos_hw.o)
 *fill*         0x00000000200011e2        0x2 
 .highcode.ble_controller_scheduler
                0x00000000200011e4        0xa D:\MESH\CH592EVT\EVT\EXAM\BLE\LIB\libCH59xBLE.a(ble_task_process.o)
 *fill*         0x00000000200011ee        0x2 
 .highcode.LLE_IRQLibHandler
                0x00000000200011f0       0x3a D:\MESH\CH592EVT\EVT\EXAM\BLE\LIB\libCH59xBLE.a(ble_task_process.o)
                0x00000000200011f0                LLE_IRQLibHandler
 .highcode.BB_IRQLibHandler
                0x000000002000122a      0x106 D:\MESH\CH592EVT\EVT\EXAM\BLE\LIB\libCH59xBLE.a(bb.o)
                0x000000002000122a                BB_IRQLibHandler
 .highcode.BB_IRQLibFunction
                0x0000000020001330        0x6 D:\MESH\CH592EVT\EVT\EXAM\BLE\LIB\libCH59xBLE.a(bb.o)
                0x0000000020001330                BB_IRQLibFunction
 .highcode.lleIrqHandler
                0x0000000020001336      0x176 D:\MESH\CH592EVT\EVT\EXAM\BLE\LIB\libCH59xBLE.a(ip.o)
 .highcode.ll_rx_wait_finish
                0x00000000200014ac       0x3e D:\MESH\CH592EVT\EVT\EXAM\BLE\LIB\libCH59xBLE.a(ip.o)
                0x00000000200014ac                ll_rx_wait_finish
 .highcode.ble_ll_chkcrc
                0x00000000200014ea       0x92 D:\MESH\CH592EVT\EVT\EXAM\BLE\LIB\libCH59xBLE.a(ip.o)
                0x00000000200014ea                ble_ll_chkcrc
 .highcode.ll_tx_wait_finish
                0x000000002000157c      0x15c D:\MESH\CH592EVT\EVT\EXAM\BLE\LIB\libCH59xBLE.a(ip.o)
                0x000000002000157c                ll_tx_wait_finish
 .highcode.LLE_IRQSubHandler
                0x00000000200016d8       0x24 D:\MESH\CH592EVT\EVT\EXAM\BLE\LIB\libCH59xBLE.a(lle.o)
                0x00000000200016d8                LLE_IRQSubHandler
 .highcode.RF_HopGetChannel
                0x00000000200016fc       0x6e D:\MESH\CH592EVT\EVT\EXAM\BLE\LIB\libCH59xBLE.a(rf_fh.o)
                0x00000000200016fc                RF_HopGetChannel
 .highcode.RF_FrequencyHoppingGet
                0x000000002000176a       0xa8 D:\MESH\CH592EVT\EVT\EXAM\BLE\LIB\libCH59xBLE.a(rf_fh.o)
                0x000000002000176a                RF_FrequencyHoppingGet
 .highcode.RFEND_WaitTune
                0x0000000020001812       0x3a D:\MESH\CH592EVT\EVT\EXAM\BLE\LIB\libCH59xBLE.a(rfend.o)
                0x0000000020001812                RFEND_WaitTune
 .highcode.tmos_memory_allocate
                0x000000002000184c       0xf2 D:\MESH\CH592EVT\EVT\EXAM\BLE\LIB\libCH59xBLE.a(memory.o)
                0x000000002000184c                tmos_memory_allocate
 .highcode.tmos_memory_free
                0x000000002000193e      0x108 D:\MESH\CH592EVT\EVT\EXAM\BLE\LIB\libCH59xBLE.a(memory.o)
                0x000000002000193e                tmos_memory_free
                0x0000000020001a48                . = ALIGN (0x4)
 *fill*         0x0000000020001a46        0x2 
                0x0000000020001a48                PROVIDE (_highcode_vma_end = .)

.text           0x0000000000001a4c    0x1c59c
                0x0000000000001a4c                . = ALIGN (0x4)
 *(SORT_NONE(.handle_reset))
 .handle_reset  0x0000000000001a4c       0xae ./Startup/startup_CH592.o
                0x0000000000001a4c                handle_reset
 *(.text)
 .text          0x0000000000001afa       0x60 d:/mounriver/mounriver_studio/toolchain/risc-v embedded gcc/bin/../lib/gcc/riscv-none-embed/8.2.0/rv32imac/ilp32\libgcc.a(save-restore.o)
                0x0000000000001afa                __riscv_save_12
                0x0000000000001b02                __riscv_save_9
                0x0000000000001b02                __riscv_save_11
                0x0000000000001b02                __riscv_save_10
                0x0000000000001b02                __riscv_save_8
                0x0000000000001b10                __riscv_save_4
                0x0000000000001b10                __riscv_save_6
                0x0000000000001b10                __riscv_save_5
                0x0000000000001b10                __riscv_save_7
                0x0000000000001b2a                __riscv_save_3
                0x0000000000001b2a                __riscv_save_2
                0x0000000000001b2a                __riscv_save_1
                0x0000000000001b2a                __riscv_save_0
                0x0000000000001b36                __riscv_restore_12
                0x0000000000001b3a                __riscv_restore_11
                0x0000000000001b3a                __riscv_restore_9
                0x0000000000001b3a                __riscv_restore_10
                0x0000000000001b3a                __riscv_restore_8
                0x0000000000001b44                __riscv_restore_5
                0x0000000000001b44                __riscv_restore_7
                0x0000000000001b44                __riscv_restore_6
                0x0000000000001b44                __riscv_restore_4
                0x0000000000001b4e                __riscv_restore_3
                0x0000000000001b4e                __riscv_restore_0
                0x0000000000001b4e                __riscv_restore_2
                0x0000000000001b4e                __riscv_restore_1
 .text          0x0000000000001b5a       0xa8 d:/mounriver/mounriver_studio/toolchain/risc-v embedded gcc/bin/../lib/gcc/riscv-none-embed/8.2.0/../../../../riscv-none-embed/lib/rv32imac/ilp32\libg_nano.a(lib_a-memset.o)
                0x0000000000001b5a                memset
 .text          0x0000000000001c02      0x11e d:/mounriver/mounriver_studio/toolchain/risc-v embedded gcc/bin/../lib/gcc/riscv-none-embed/8.2.0/../../../../riscv-none-embed/lib/rv32imac/ilp32\libg_nano.a(lib_a-strcmp.o)
                0x0000000000001c02                strcmp
 *(.text.*)
 .text.ADC_InterTSSampInit
                0x0000000000001d20       0x34 ./StdPeriphDriver/CH59x_adc.o
                0x0000000000001d20                ADC_InterTSSampInit
 .text.LSECFG_Current
                0x0000000000001d54       0x4e ./StdPeriphDriver/CH59x_clk.o
                0x0000000000001d54                LSECFG_Current
 .text.RTC_InitTime
                0x0000000000001da2      0x1d0 ./StdPeriphDriver/CH59x_clk.o
                0x0000000000001da2                RTC_InitTime
 .text.Calibration_LSI
                0x0000000000001f72      0x89a ./StdPeriphDriver/CH59x_clk.o
                0x0000000000001f72                Calibration_LSI
 .text.GPIOA_ModeCfg
                0x000000000000280c       0xa6 ./StdPeriphDriver/CH59x_gpio.o
                0x000000000000280c                GPIOA_ModeCfg
 .text.GetSysClock
                0x00000000000028b2       0x40 ./StdPeriphDriver/CH59x_sys.o
                0x00000000000028b2                GetSysClock
 .text.SYS_DisableAllIrq
                0x00000000000028f2       0x1c ./StdPeriphDriver/CH59x_sys.o
                0x00000000000028f2                SYS_DisableAllIrq
 .text.SYS_RecoverIrq
                0x000000000000290e       0x14 ./StdPeriphDriver/CH59x_sys.o
                0x000000000000290e                SYS_RecoverIrq
 .text.SYS_GetSysTickCnt
                0x0000000000002922        0xa ./StdPeriphDriver/CH59x_sys.o
                0x0000000000002922                SYS_GetSysTickCnt
 .text._write   0x000000000000292c       0x28 ./StdPeriphDriver/CH59x_sys.o
                0x000000000000292c                _write
 .text._sbrk    0x0000000000002954       0x34 ./StdPeriphDriver/CH59x_sys.o
                0x0000000000002954                _sbrk
 .text.UART1_BaudRateCfg
                0x0000000000002988       0x30 ./StdPeriphDriver/CH59x_uart1.o
                0x0000000000002988                UART1_BaudRateCfg
 .text.UART1_DefInit
                0x00000000000029b8       0x32 ./StdPeriphDriver/CH59x_uart1.o
                0x00000000000029b8                UART1_DefInit
 .text.UART1_ByteTrigCfg
                0x00000000000029ea       0x1a ./StdPeriphDriver/CH59x_uart1.o
                0x00000000000029ea                UART1_ByteTrigCfg
 .text.UART1_INTCfg
                0x0000000000002a04       0x2a ./StdPeriphDriver/CH59x_uart1.o
                0x0000000000002a04                UART1_INTCfg
 .text.UART1_SendString
                0x0000000000002a2e       0x28 ./StdPeriphDriver/CH59x_uart1.o
                0x0000000000002a2e                UART1_SendString
 .text.UART1_RecvString
                0x0000000000002a56       0x2a ./StdPeriphDriver/CH59x_uart1.o
                0x0000000000002a56                UART1_RecvString
 .text.HAL_KeyInit
                0x0000000000002a80       0x42 ./HAL/KEY.o
                0x0000000000002a80                HAL_KeyInit
 .text.HalKeyConfig
                0x0000000000002ac2       0x12 ./HAL/KEY.o
                0x0000000000002ac2                HalKeyConfig
 .text.HAL_KeyPoll
                0x0000000000002ad4       0x3a ./HAL/KEY.o
                0x0000000000002ad4                HAL_KeyPoll
 .text.Lib_Calibration_LSI
                0x0000000000002b0e        0x6 ./HAL/MCU.o
                0x0000000000002b0e                Lib_Calibration_LSI
 .text.Lib_Read_Flash
                0x0000000000002b14       0x1c ./HAL/MCU.o
                0x0000000000002b14                Lib_Read_Flash
 .text.Lib_Write_Flash
                0x0000000000002b30       0x40 ./HAL/MCU.o
                0x0000000000002b30                Lib_Write_Flash
 .text.HAL_GetInterTempValue
                0x0000000000002b70       0x72 ./HAL/MCU.o
                0x0000000000002b70                HAL_GetInterTempValue
 .text.HAL_ProcessEvent
                0x0000000000002be2       0x9a ./HAL/MCU.o
                0x0000000000002be2                HAL_ProcessEvent
 .text.CH59x_BLEInit
                0x0000000000002c7c      0x13c ./HAL/MCU.o
                0x0000000000002c7c                CH59x_BLEInit
 .text.HAL_Init
                0x0000000000002db8       0x32 ./HAL/MCU.o
                0x0000000000002db8                HAL_Init
 .text.HAL_TimeInit
                0x0000000000002dea       0xca ./HAL/RTC.o
                0x0000000000002dea                HAL_TimeInit
 .text.node_unblock_get
                0x0000000000002eb4       0x36 ./APP/app.o
 .text.node_get
                0x0000000000002eea       0x28 ./APP/app.o
 .text.node_rsp
                0x0000000000002f12      0x10a ./APP/app.o
 .text.link_open
                0x000000000000301c       0x22 ./APP/app.o
 .text.cfg_cli_rsp_handler
                0x000000000000303e       0xfc ./APP/app.o
 .text.vendor_model_cli_rsp_handler
                0x000000000000313a      0x18a ./APP/app.o
 .text.vendor_model_cli_send
                0x00000000000032c4       0x56 ./APP/app.o
 .text.node_stage
                0x000000000000331a       0xf0 ./APP/app.o
 .text.local_rsp
                0x000000000000340a       0xc8 ./APP/app.o
 .text.node_cfg_process
                0x00000000000034d2       0xce ./APP/app.o
 .text.prov_complete
                0x00000000000035a0       0xe8 ./APP/app.o
 .text.node_added
                0x0000000000003688       0xb2 ./APP/app.o
 .text.keyPress
                0x000000000000373a       0xd6 ./APP/app.o
                0x000000000000373a                keyPress
 .text.local_stage
                0x0000000000003810       0xa2 ./APP/app.o
 .text.link_close
                0x00000000000038b2       0x50 ./APP/app.o
 .text.unprov_recv
                0x0000000000003902       0x74 ./APP/app.o
 .text.convert_char_to_decimal
                0x0000000000003976       0x1c ./APP/app.o
                0x0000000000003976                convert_char_to_decimal
 .text.App_ProcessEvent
                0x0000000000003992      0x352 ./APP/app.o
 .text.blemesh_on_sync
                0x0000000000003ce4      0x1f0 ./APP/app.o
                0x0000000000003ce4                blemesh_on_sync
 .text.App_Init
                0x0000000000003ed4       0x4e ./APP/app.o
                0x0000000000003ed4                App_Init
 .text.bt_mesh_lib_init
                0x0000000000003f22       0x48 ./APP/app_main.o
                0x0000000000003f22                bt_mesh_lib_init
 .text.startup.main
                0x0000000000003f6a       0x7e ./APP/app_main.o
                0x0000000000003f6a                main
 .text.flash_write_protection
                0x0000000000003fe8        0x4 ./APP/app_mesh_config.o
                0x0000000000003fe8                flash_write_protection
 .text.read_flash
                0x0000000000003fec       0x1c ./APP/app_mesh_config.o
                0x0000000000003fec                read_flash
 .text.erase_flash
                0x0000000000004008       0x10 ./APP/app_mesh_config.o
                0x0000000000004008                erase_flash
 .text.write_flash
                0x0000000000004018       0x34 ./APP/app_mesh_config.o
                0x0000000000004018                write_flash
 .text.vendor_message_cli_trans
                0x000000000000404c       0x5c ./APP/app_vendor_model_cli.o
 .text.vendor_message_cli_ack
                0x00000000000040a8       0xb8 ./APP/app_vendor_model_cli.o
 .text.vendor_message_cli_ind
                0x0000000000004160       0xb6 ./APP/app_vendor_model_cli.o
 .text.adv_cli_trans_send
                0x0000000000004216      0x13c ./APP/app_vendor_model_cli.o
 .text.write_end
                0x0000000000004352       0x58 ./APP/app_vendor_model_cli.o
 .text.write_start
                0x00000000000043aa       0x4e ./APP/app_vendor_model_cli.o
 .text.write_reset.constprop.5
                0x00000000000043f8       0x30 ./APP/app_vendor_model_cli.o
 .text.vendor_cli_tid_get
                0x0000000000004428       0x28 ./APP/app_vendor_model_cli.o
                0x0000000000004428                vendor_cli_tid_get
 .text.vendor_message_cli_send_trans
                0x0000000000004450       0xe4 ./APP/app_vendor_model_cli.o
                0x0000000000004450                vendor_message_cli_send_trans
 .text.vendor_message_cli_trans_reset
                0x0000000000004534       0x2c ./APP/app_vendor_model_cli.o
                0x0000000000004534                vendor_message_cli_trans_reset
 .text.vendor_model_cli_rsp_recv
                0x0000000000004560       0x7e ./APP/app_vendor_model_cli.o
 .text.vendor_message_cli_cfm
                0x00000000000045de       0x66 ./APP/app_vendor_model_cli.o
 .text.vendor_model_cli_ProcessEvent
                0x0000000000004644      0x16a ./APP/app_vendor_model_cli.o
 .text.vendor_model_cli_init
                0x00000000000047ae       0x24 ./APP/app_vendor_model_cli.o
                0x00000000000047ae                vendor_model_cli_init
 .text.mod_init
                0x00000000000047d2      0x104 D:\MESH\CH592EVT\EVT\EXAM\BLE\MESH\MESH_LIB\libMESH.a(mesh_access.o)
 .text.publish_start
                0x00000000000048d6       0x22 D:\MESH\CH592EVT\EVT\EXAM\BLE\MESH\MESH_LIB\libMESH.a(mesh_access.o)
 .text.model_has_key.isra.0
                0x00000000000048f8       0x50 D:\MESH\CH592EVT\EVT\EXAM\BLE\MESH\MESH_LIB\libMESH.a(mesh_access.o)
 .text.model_send
                0x0000000000004948       0xba D:\MESH\CH592EVT\EVT\EXAM\BLE\MESH\MESH_LIB\libMESH.a(mesh_access.o)
 .text.bt_mesh_comp_provision
                0x0000000000004a02       0x34 D:\MESH\CH592EVT\EVT\EXAM\BLE\MESH\MESH_LIB\libMESH.a(mesh_access.o)
                0x0000000000004a02                bt_mesh_comp_provision
 .text.bt_mesh_elem_count
                0x0000000000004a36       0x10 D:\MESH\CH592EVT\EVT\EXAM\BLE\MESH\MESH_LIB\libMESH.a(mesh_access.o)
                0x0000000000004a36                bt_mesh_elem_count
 .text.bt_mesh_primary_addr
                0x0000000000004a46        0xa D:\MESH\CH592EVT\EVT\EXAM\BLE\MESH\MESH_LIB\libMESH.a(mesh_access.o)
                0x0000000000004a46                bt_mesh_primary_addr
 .text.bt_mesh_fixed_group_match
                0x0000000000004a50       0x44 D:\MESH\CH592EVT\EVT\EXAM\BLE\MESH\MESH_LIB\libMESH.a(mesh_access.o)
                0x0000000000004a50                bt_mesh_fixed_group_match
 .text.bt_mesh_model_find_group
                0x0000000000004a94       0x32 D:\MESH\CH592EVT\EVT\EXAM\BLE\MESH\MESH_LIB\libMESH.a(mesh_access.o)
                0x0000000000004a94                bt_mesh_model_find_group
 .text.bt_mesh_model_find_vnd
                0x0000000000004ac6       0x30 D:\MESH\CH592EVT\EVT\EXAM\BLE\MESH\MESH_LIB\libMESH.a(mesh_access.o)
                0x0000000000004ac6                bt_mesh_model_find_vnd
 .text.bt_mesh_model_find
                0x0000000000004af6       0x28 D:\MESH\CH592EVT\EVT\EXAM\BLE\MESH\MESH_LIB\libMESH.a(mesh_access.o)
                0x0000000000004af6                bt_mesh_model_find
 .text.bt_mesh_elem_find
                0x0000000000004b1e       0x9e D:\MESH\CH592EVT\EVT\EXAM\BLE\MESH\MESH_LIB\libMESH.a(mesh_access.o)
                0x0000000000004b1e                bt_mesh_elem_find
 .text.bt_mesh_model_msg_init
                0x0000000000004bbc       0x5a D:\MESH\CH592EVT\EVT\EXAM\BLE\MESH\MESH_LIB\libMESH.a(mesh_access.o)
                0x0000000000004bbc                bt_mesh_model_msg_init
 .text.bt_mesh_comp_get
                0x0000000000004c16        0xc D:\MESH\CH592EVT\EVT\EXAM\BLE\MESH\MESH_LIB\libMESH.a(mesh_access.o)
                0x0000000000004c16                bt_mesh_comp_get
 .text.bt_mesh_comp_register
                0x0000000000004c22       0x14 D:\MESH\CH592EVT\EVT\EXAM\BLE\MESH\MESH_LIB\libMESH.a(mesh_access.o)
                0x0000000000004c22                bt_mesh_comp_register
 .text.bt_mesh_model_elem
                0x0000000000004c36       0x16 D:\MESH\CH592EVT\EVT\EXAM\BLE\MESH\MESH_LIB\libMESH.a(mesh_access.o)
                0x0000000000004c36                bt_mesh_model_elem
 .text.publish_retransmit
                0x0000000000004c4c       0xba D:\MESH\CH592EVT\EVT\EXAM\BLE\MESH\MESH_LIB\libMESH.a(mesh_access.o)
 .text.bt_mesh_model_pub_period_get
                0x0000000000004d06       0x62 D:\MESH\CH592EVT\EVT\EXAM\BLE\MESH\MESH_LIB\libMESH.a(mesh_access.o)
                0x0000000000004d06                bt_mesh_model_pub_period_get
 .text.publish_sent
                0x0000000000004d68       0x58 D:\MESH\CH592EVT\EVT\EXAM\BLE\MESH\MESH_LIB\libMESH.a(mesh_access.o)
 .text.bt_mesh_model_send
                0x0000000000004dc0       0x52 D:\MESH\CH592EVT\EVT\EXAM\BLE\MESH\MESH_LIB\libMESH.a(mesh_access.o)
                0x0000000000004dc0                bt_mesh_model_send
 .text.bt_mesh_model_publish
                0x0000000000004e12      0x10c D:\MESH\CH592EVT\EVT\EXAM\BLE\MESH\MESH_LIB\libMESH.a(mesh_access.o)
                0x0000000000004e12                bt_mesh_model_publish
 .text.mod_publish
                0x0000000000004f1e       0x64 D:\MESH\CH592EVT\EVT\EXAM\BLE\MESH\MESH_LIB\libMESH.a(mesh_access.o)
 .text.bt_mesh_model_recv
                0x0000000000004f82      0x18e D:\MESH\CH592EVT\EVT\EXAM\BLE\MESH\MESH_LIB\libMESH.a(mesh_access.o)
                0x0000000000004f82                bt_mesh_model_recv
 .text.bt_mesh_model_get
                0x0000000000005110       0x44 D:\MESH\CH592EVT\EVT\EXAM\BLE\MESH\MESH_LIB\libMESH.a(mesh_access.o)
                0x0000000000005110                bt_mesh_model_get
 .text.bt_mesh_model_foreach
                0x0000000000005154       0x74 D:\MESH\CH592EVT\EVT\EXAM\BLE\MESH\MESH_LIB\libMESH.a(mesh_access.o)
                0x0000000000005154                bt_mesh_model_foreach
 .text.bt_mesh_comp_unprovision
                0x00000000000051c8       0x1c D:\MESH\CH592EVT\EVT\EXAM\BLE\MESH\MESH_LIB\libMESH.a(mesh_access.o)
                0x00000000000051c8                bt_mesh_comp_unprovision
 .text.bt_mesh_mod_init
                0x00000000000051e4       0x22 D:\MESH\CH592EVT\EVT\EXAM\BLE\MESH\MESH_LIB\libMESH.a(mesh_access.o)
                0x00000000000051e4                bt_mesh_mod_init
 .text.bt_notify
                0x0000000000005206       0x62 D:\MESH\CH592EVT\EVT\EXAM\BLE\MESH\MESH_LIB\libMESH.a(mesh_adapt.o)
 .text.bt_mesh_conn_unref
                0x0000000000005268        0x8 D:\MESH\CH592EVT\EVT\EXAM\BLE\MESH\MESH_LIB\libMESH.a(mesh_adapt.o)
                0x0000000000005268                bt_mesh_conn_unref
 .text.k_uptime_get
                0x0000000000005270       0x16 D:\MESH\CH592EVT\EVT\EXAM\BLE\MESH\MESH_LIB\libMESH.a(mesh_adapt.o)
                0x0000000000005270                k_uptime_get
 .text.k_uptime_get_32
                0x0000000000005286       0x14 D:\MESH\CH592EVT\EVT\EXAM\BLE\MESH\MESH_LIB\libMESH.a(mesh_adapt.o)
                0x0000000000005286                k_uptime_get_32
 .text.bt_mesh_gatt_get_mtu
                0x000000000000529a       0x10 D:\MESH\CH592EVT\EVT\EXAM\BLE\MESH\MESH_LIB\libMESH.a(mesh_adapt.o)
                0x000000000000529a                bt_mesh_gatt_get_mtu
 .text.bt_mesh_prov_notify
                0x00000000000052aa       0x22 D:\MESH\CH592EVT\EVT\EXAM\BLE\MESH\MESH_LIB\libMESH.a(mesh_adapt.o)
                0x00000000000052aa                bt_mesh_prov_notify
 .text.bt_mesh_gatts_disconnect
                0x00000000000052cc        0xc D:\MESH\CH592EVT\EVT\EXAM\BLE\MESH\MESH_LIB\libMESH.a(mesh_adapt.o)
                0x00000000000052cc                bt_mesh_gatts_disconnect
 .text.bt_mesh_prov_servive_cccd_close
                0x00000000000052d8       0x16 D:\MESH\CH592EVT\EVT\EXAM\BLE\MESH\MESH_LIB\libMESH.a(mesh_adapt.o)
                0x00000000000052d8                bt_mesh_prov_servive_cccd_close
 .text.bt_mesh_prov_service_stop
                0x00000000000052ee       0x16 D:\MESH\CH592EVT\EVT\EXAM\BLE\MESH\MESH_LIB\libMESH.a(mesh_adapt.o)
                0x00000000000052ee                bt_mesh_prov_service_stop
 .text.bt_mesh_proxy_service_cccd_close
                0x0000000000005304       0x16 D:\MESH\CH592EVT\EVT\EXAM\BLE\MESH\MESH_LIB\libMESH.a(mesh_adapt.o)
                0x0000000000005304                bt_mesh_proxy_service_cccd_close
 .text.bt_mesh_gatts_service_stop
                0x000000000000531a       0x16 D:\MESH\CH592EVT\EVT\EXAM\BLE\MESH\MESH_LIB\libMESH.a(mesh_adapt.o)
                0x000000000000531a                bt_mesh_gatts_service_stop
 .text.bt_le_scan_start
                0x0000000000005330       0x12 D:\MESH\CH592EVT\EVT\EXAM\BLE\MESH\MESH_LIB\libMESH.a(mesh_adapt.o)
                0x0000000000005330                bt_le_scan_start
 .text.bt_le_scan_stop
                0x0000000000005342        0xc D:\MESH\CH592EVT\EVT\EXAM\BLE\MESH\MESH_LIB\libMESH.a(mesh_adapt.o)
                0x0000000000005342                bt_le_scan_stop
 .text.adv_buf_destroy
                0x000000000000534e       0x1e D:\MESH\CH592EVT\EVT\EXAM\BLE\MESH\MESH_LIB\libMESH.a(mesh_adv.o)
 .text.adv_alloc
                0x000000000000536c       0x14 D:\MESH\CH592EVT\EVT\EXAM\BLE\MESH\MESH_LIB\libMESH.a(mesh_adv.o)
 .text.bt_mesh_scan_cb
                0x0000000000005380       0x72 D:\MESH\CH592EVT\EVT\EXAM\BLE\MESH\MESH_LIB\libMESH.a(mesh_adv.o)
 .text.adv_first_get
                0x00000000000053f2       0x2c D:\MESH\CH592EVT\EVT\EXAM\BLE\MESH\MESH_LIB\libMESH.a(mesh_adv.o)
 .text._set_mesh_bear_adv_buf
                0x000000000000541e       0x70 D:\MESH\CH592EVT\EVT\EXAM\BLE\MESH\MESH_LIB\libMESH.a(mesh_adv.o)
                0x000000000000541e                _set_mesh_bear_adv_buf
 .text.bt_mesh_buf_get_from_pool
                0x000000000000548e       0x16 D:\MESH\CH592EVT\EVT\EXAM\BLE\MESH\MESH_LIB\libMESH.a(mesh_adv.o)
                0x000000000000548e                bt_mesh_buf_get_from_pool
 .text.adv_buf_deinit.isra.3
                0x00000000000054a4       0x30 D:\MESH\CH592EVT\EVT\EXAM\BLE\MESH\MESH_LIB\libMESH.a(mesh_adv.o)
 .text.k_adv_handler
                0x00000000000054d4       0xe6 D:\MESH\CH592EVT\EVT\EXAM\BLE\MESH\MESH_LIB\libMESH.a(mesh_adv.o)
 .text.bt_mesh_adv_create_from_pool
                0x00000000000055ba       0x32 D:\MESH\CH592EVT\EVT\EXAM\BLE\MESH\MESH_LIB\libMESH.a(mesh_adv.o)
                0x00000000000055ba                bt_mesh_adv_create_from_pool
 .text.bt_mesh_adv_create
                0x00000000000055ec       0x8e D:\MESH\CH592EVT\EVT\EXAM\BLE\MESH\MESH_LIB\libMESH.a(mesh_adv.o)
                0x00000000000055ec                bt_mesh_adv_create
 .text.bt_mesh_adv_send
                0x000000000000567a       0xb4 D:\MESH\CH592EVT\EVT\EXAM\BLE\MESH\MESH_LIB\libMESH.a(mesh_adv.o)
                0x000000000000567a                bt_mesh_adv_send
 .text.bt_mesh_scan_enable
                0x000000000000572e       0x18 D:\MESH\CH592EVT\EVT\EXAM\BLE\MESH\MESH_LIB\libMESH.a(mesh_adv.o)
                0x000000000000572e                bt_mesh_scan_enable
 .text.bt_mesh_scan_disable
                0x0000000000005746        0xc D:\MESH\CH592EVT\EVT\EXAM\BLE\MESH\MESH_LIB\libMESH.a(mesh_adv.o)
                0x0000000000005746                bt_mesh_scan_disable
 .text.check_adv_need_deinit
                0x0000000000005752       0x4e D:\MESH\CH592EVT\EVT\EXAM\BLE\MESH\MESH_LIB\libMESH.a(mesh_adv.o)
                0x0000000000005752                check_adv_need_deinit
 .text.bt_mesh_adv_init
                0x00000000000057a0       0x2c D:\MESH\CH592EVT\EVT\EXAM\BLE\MESH\MESH_LIB\libMESH.a(mesh_adv.o)
                0x00000000000057a0                bt_mesh_adv_init
 .text.model_start
                0x00000000000057cc       0x18 D:\MESH\CH592EVT\EVT\EXAM\BLE\MESH\MESH_LIB\libMESH.a(mesh_api.o)
 .text.adv_buf_count_get
                0x00000000000057e4       0x10 D:\MESH\CH592EVT\EVT\EXAM\BLE\MESH\MESH_LIB\libMESH.a(mesh_api.o)
                0x00000000000057e4                adv_buf_count_get
 .text.rpl_count_get
                0x00000000000057f4       0x10 D:\MESH\CH592EVT\EVT\EXAM\BLE\MESH\MESH_LIB\libMESH.a(mesh_api.o)
                0x00000000000057f4                rpl_count_get
 .text.allow_rpl_cycle_get
                0x0000000000005804       0x10 D:\MESH\CH592EVT\EVT\EXAM\BLE\MESH\MESH_LIB\libMESH.a(mesh_api.o)
                0x0000000000005804                allow_rpl_cycle_get
 .text.allow_same_addr_get
                0x0000000000005814       0x10 D:\MESH\CH592EVT\EVT\EXAM\BLE\MESH\MESH_LIB\libMESH.a(mesh_api.o)
                0x0000000000005814                allow_same_addr_get
 .text.ivu_divider_get
                0x0000000000005824       0x10 D:\MESH\CH592EVT\EVT\EXAM\BLE\MESH\MESH_LIB\libMESH.a(mesh_api.o)
                0x0000000000005824                ivu_divider_get
 .text.mod_key_count_get
                0x0000000000005834       0x10 D:\MESH\CH592EVT\EVT\EXAM\BLE\MESH\MESH_LIB\libMESH.a(mesh_api.o)
                0x0000000000005834                mod_key_count_get
 .text.mod_group_count_get
                0x0000000000005844       0x10 D:\MESH\CH592EVT\EVT\EXAM\BLE\MESH\MESH_LIB\libMESH.a(mesh_api.o)
                0x0000000000005844                mod_group_count_get
 .text.pxyfilter_count_get
                0x0000000000005854       0x10 D:\MESH\CH592EVT\EVT\EXAM\BLE\MESH\MESH_LIB\libMESH.a(mesh_api.o)
                0x0000000000005854                pxyfilter_count_get
 .text.msgcache_count_get
                0x0000000000005864       0x10 D:\MESH\CH592EVT\EVT\EXAM\BLE\MESH\MESH_LIB\libMESH.a(mesh_api.o)
                0x0000000000005864                msgcache_count_get
 .text.subnet_count_get
                0x0000000000005874       0x10 D:\MESH\CH592EVT\EVT\EXAM\BLE\MESH\MESH_LIB\libMESH.a(mesh_api.o)
                0x0000000000005874                subnet_count_get
 .text.appkey_count_get
                0x0000000000005884       0x10 D:\MESH\CH592EVT\EVT\EXAM\BLE\MESH\MESH_LIB\libMESH.a(mesh_api.o)
                0x0000000000005884                appkey_count_get
 .text.unseg_length_get
                0x0000000000005894       0x14 D:\MESH\CH592EVT\EVT\EXAM\BLE\MESH\MESH_LIB\libMESH.a(mesh_api.o)
                0x0000000000005894                unseg_length_get
 .text.txseg_max_get
                0x00000000000058a8       0x10 D:\MESH\CH592EVT\EVT\EXAM\BLE\MESH\MESH_LIB\libMESH.a(mesh_api.o)
                0x00000000000058a8                txseg_max_get
 .text.txseg_count_get
                0x00000000000058b8       0x10 D:\MESH\CH592EVT\EVT\EXAM\BLE\MESH\MESH_LIB\libMESH.a(mesh_api.o)
                0x00000000000058b8                txseg_count_get
 .text.rxseg_count_get
                0x00000000000058c8       0x10 D:\MESH\CH592EVT\EVT\EXAM\BLE\MESH\MESH_LIB\libMESH.a(mesh_api.o)
                0x00000000000058c8                rxseg_count_get
 .text.rxsdu_max_get
                0x00000000000058d8       0x10 D:\MESH\CH592EVT\EVT\EXAM\BLE\MESH\MESH_LIB\libMESH.a(mesh_api.o)
                0x00000000000058d8                rxsdu_max_get
 .text.label_count_get
                0x00000000000058e8       0x10 D:\MESH\CH592EVT\EVT\EXAM\BLE\MESH\MESH_LIB\libMESH.a(mesh_api.o)
                0x00000000000058e8                label_count_get
 .text.seq_store_rate_get
                0x00000000000058f8       0x10 D:\MESH\CH592EVT\EVT\EXAM\BLE\MESH\MESH_LIB\libMESH.a(mesh_api.o)
                0x00000000000058f8                seq_store_rate_get
 .text.rpl_store_rate_get
                0x0000000000005908       0x10 D:\MESH\CH592EVT\EVT\EXAM\BLE\MESH\MESH_LIB\libMESH.a(mesh_api.o)
                0x0000000000005908                rpl_store_rate_get
 .text.store_rate_get
                0x0000000000005918       0x10 D:\MESH\CH592EVT\EVT\EXAM\BLE\MESH\MESH_LIB\libMESH.a(mesh_api.o)
                0x0000000000005918                store_rate_get
 .text.frndseg_rx_get
                0x0000000000005928       0x10 D:\MESH\CH592EVT\EVT\EXAM\BLE\MESH\MESH_LIB\libMESH.a(mesh_api.o)
                0x0000000000005928                frndseg_rx_get
 .text.frndsub_size_get
                0x0000000000005938       0x10 D:\MESH\CH592EVT\EVT\EXAM\BLE\MESH\MESH_LIB\libMESH.a(mesh_api.o)
                0x0000000000005938                frndsub_size_get
 .text.frndlpn_count_get
                0x0000000000005948       0x10 D:\MESH\CH592EVT\EVT\EXAM\BLE\MESH\MESH_LIB\libMESH.a(mesh_api.o)
                0x0000000000005948                frndlpn_count_get
 .text.frndqueue_size_get
                0x0000000000005958       0x10 D:\MESH\CH592EVT\EVT\EXAM\BLE\MESH\MESH_LIB\libMESH.a(mesh_api.o)
                0x0000000000005958                frndqueue_size_get
 .text.lpnpoll_timeout_get
                0x0000000000005968        0xe D:\MESH\CH592EVT\EVT\EXAM\BLE\MESH\MESH_LIB\libMESH.a(mesh_api.o)
                0x0000000000005968                lpnpoll_timeout_get
 .text.lpnrecv_delay_get
                0x0000000000005976       0x10 D:\MESH\CH592EVT\EVT\EXAM\BLE\MESH\MESH_LIB\libMESH.a(mesh_api.o)
                0x0000000000005976                lpnrecv_delay_get
 .text.lpnretry_timeout_get
                0x0000000000005986       0x16 D:\MESH\CH592EVT\EVT\EXAM\BLE\MESH\MESH_LIB\libMESH.a(mesh_api.o)
                0x0000000000005986                lpnretry_timeout_get
 .text.prov_node_count_get
                0x000000000000599c       0x10 D:\MESH\CH592EVT\EVT\EXAM\BLE\MESH\MESH_LIB\libMESH.a(mesh_api.o)
                0x000000000000599c                prov_node_count_get
 .text.rf_accessAddress_get
                0x00000000000059ac        0xe D:\MESH\CH592EVT\EVT\EXAM\BLE\MESH\MESH_LIB\libMESH.a(mesh_api.o)
                0x00000000000059ac                rf_accessAddress_get
 .text.device_parmas_get
                0x00000000000059ba        0xc D:\MESH\CH592EVT\EVT\EXAM\BLE\MESH\MESH_LIB\libMESH.a(mesh_api.o)
                0x00000000000059ba                device_parmas_get
 .text.dev_mac_get
                0x00000000000059c6        0xc D:\MESH\CH592EVT\EVT\EXAM\BLE\MESH\MESH_LIB\libMESH.a(mesh_api.o)
                0x00000000000059c6                dev_mac_get
 .text.bt_mesh_cfg_set
                0x00000000000059d2      0x24c D:\MESH\CH592EVT\EVT\EXAM\BLE\MESH\MESH_LIB\libMESH.a(mesh_api.o)
                0x00000000000059d2                bt_mesh_cfg_set
 .text.bt_mesh_provision_adv
                0x0000000000005c1e       0x3e D:\MESH\CH592EVT\EVT\EXAM\BLE\MESH\MESH_LIB\libMESH.a(mesh_api.o)
                0x0000000000005c1e                bt_mesh_provision_adv
 .text.bt_mesh_start
                0x0000000000005c5c       0x26 D:\MESH\CH592EVT\EVT\EXAM\BLE\MESH\MESH_LIB\libMESH.a(mesh_api.o)
                0x0000000000005c5c                bt_mesh_start
 .text.bt_mesh_provision
                0x0000000000005c82       0xce D:\MESH\CH592EVT\EVT\EXAM\BLE\MESH\MESH_LIB\libMESH.a(mesh_api.o)
                0x0000000000005c82                bt_mesh_provision
 .text.bt_mesh_reset
                0x0000000000005d50       0xba D:\MESH\CH592EVT\EVT\EXAM\BLE\MESH\MESH_LIB\libMESH.a(mesh_api.o)
                0x0000000000005d50                bt_mesh_reset
 .text.auth_match
                0x0000000000005e0a       0x46 D:\MESH\CH592EVT\EVT\EXAM\BLE\MESH\MESH_LIB\libMESH.a(mesh_beacon.o)
 .text.unprov_send_start
                0x0000000000005e50       0x18 D:\MESH\CH592EVT\EVT\EXAM\BLE\MESH\MESH_LIB\libMESH.a(mesh_beacon.o)
 .text.beacon_complete
                0x0000000000005e68       0x16 D:\MESH\CH592EVT\EVT\EXAM\BLE\MESH\MESH_LIB\libMESH.a(mesh_beacon.o)
 .text.bt_mesh_beacon_create
                0x0000000000005e7e       0x50 D:\MESH\CH592EVT\EVT\EXAM\BLE\MESH\MESH_LIB\libMESH.a(mesh_beacon.o)
                0x0000000000005e7e                bt_mesh_beacon_create
 .text.beacon_send
                0x0000000000005ece      0x1f8 D:\MESH\CH592EVT\EVT\EXAM\BLE\MESH\MESH_LIB\libMESH.a(mesh_beacon.o)
 .text.bt_mesh_beacon_ivu_initiator
                0x00000000000060c6       0x4a D:\MESH\CH592EVT\EVT\EXAM\BLE\MESH\MESH_LIB\libMESH.a(mesh_beacon.o)
                0x00000000000060c6                bt_mesh_beacon_ivu_initiator
 .text.bt_mesh_subnet_find
                0x0000000000006110       0x7e D:\MESH\CH592EVT\EVT\EXAM\BLE\MESH\MESH_LIB\libMESH.a(mesh_beacon.o)
                0x0000000000006110                bt_mesh_subnet_find
 .text.bt_mesh_beacon_recv
                0x000000000000618e      0x180 D:\MESH\CH592EVT\EVT\EXAM\BLE\MESH\MESH_LIB\libMESH.a(mesh_beacon.o)
                0x000000000000618e                bt_mesh_beacon_recv
 .text.bt_mesh_beacon_enable
                0x000000000000630e       0x52 D:\MESH\CH592EVT\EVT\EXAM\BLE\MESH\MESH_LIB\libMESH.a(mesh_beacon.o)
                0x000000000000630e                bt_mesh_beacon_enable
 .text.bt_mesh_beacon_disable
                0x0000000000006360       0x26 D:\MESH\CH592EVT\EVT\EXAM\BLE\MESH\MESH_LIB\libMESH.a(mesh_beacon.o)
                0x0000000000006360                bt_mesh_beacon_disable
 .text.bt_mesh_beacon_init
                0x0000000000006386       0x1c D:\MESH\CH592EVT\EVT\EXAM\BLE\MESH\MESH_LIB\libMESH.a(mesh_beacon.o)
                0x0000000000006386                bt_mesh_beacon_init
 .text.generic_data_ref
                0x00000000000063a2        0xe D:\MESH\CH592EVT\EVT\EXAM\BLE\MESH\MESH_LIB\libMESH.a(mesh_buf.o)
 .text.heap_data_unref
                0x00000000000063b0       0x22 D:\MESH\CH592EVT\EVT\EXAM\BLE\MESH\MESH_LIB\libMESH.a(mesh_buf.o)
 .text.heap_data_alloc
                0x00000000000063d2       0x1e D:\MESH\CH592EVT\EVT\EXAM\BLE\MESH\MESH_LIB\libMESH.a(mesh_buf.o)
 .text.net_buf_simple_push
                0x00000000000063f0       0x14 D:\MESH\CH592EVT\EVT\EXAM\BLE\MESH\MESH_LIB\libMESH.a(mesh_buf.o)
                0x00000000000063f0                net_buf_simple_push
 .text.net_buf_simple_push_be16
                0x0000000000006404       0x2c D:\MESH\CH592EVT\EVT\EXAM\BLE\MESH\MESH_LIB\libMESH.a(mesh_buf.o)
                0x0000000000006404                net_buf_simple_push_be16
 .text.net_buf_simple_push_u8
                0x0000000000006430       0x18 D:\MESH\CH592EVT\EVT\EXAM\BLE\MESH\MESH_LIB\libMESH.a(mesh_buf.o)
                0x0000000000006430                net_buf_simple_push_u8
 .text.net_buf_simple_pull
                0x0000000000006448       0x14 D:\MESH\CH592EVT\EVT\EXAM\BLE\MESH\MESH_LIB\libMESH.a(mesh_buf.o)
                0x0000000000006448                net_buf_simple_pull
 .text.net_buf_simple_pull_mem
                0x000000000000645c       0x14 D:\MESH\CH592EVT\EVT\EXAM\BLE\MESH\MESH_LIB\libMESH.a(mesh_buf.o)
                0x000000000000645c                net_buf_simple_pull_mem
 .text.net_buf_simple_headroom
                0x0000000000006470        0xa D:\MESH\CH592EVT\EVT\EXAM\BLE\MESH\MESH_LIB\libMESH.a(mesh_buf.o)
                0x0000000000006470                net_buf_simple_headroom
 .text.net_buf_simple_tailroom
                0x000000000000647a       0x18 D:\MESH\CH592EVT\EVT\EXAM\BLE\MESH\MESH_LIB\libMESH.a(mesh_buf.o)
                0x000000000000647a                net_buf_simple_tailroom
 .text.net_buf_simple_add
                0x0000000000006492       0x2a D:\MESH\CH592EVT\EVT\EXAM\BLE\MESH\MESH_LIB\libMESH.a(mesh_buf.o)
                0x0000000000006492                net_buf_simple_add
 .text.net_buf_simple_add_mem
                0x00000000000064bc       0x1e D:\MESH\CH592EVT\EVT\EXAM\BLE\MESH\MESH_LIB\libMESH.a(mesh_buf.o)
                0x00000000000064bc                net_buf_simple_add_mem
 .text.net_buf_simple_add_u8
                0x00000000000064da       0x14 D:\MESH\CH592EVT\EVT\EXAM\BLE\MESH\MESH_LIB\libMESH.a(mesh_buf.o)
                0x00000000000064da                net_buf_simple_add_u8
 .text.net_buf_simple_add_le16
                0x00000000000064ee       0x26 D:\MESH\CH592EVT\EVT\EXAM\BLE\MESH\MESH_LIB\libMESH.a(mesh_buf.o)
                0x00000000000064ee                net_buf_simple_add_le16
 .text.net_buf_simple_add_be16
                0x0000000000006514       0x2e D:\MESH\CH592EVT\EVT\EXAM\BLE\MESH\MESH_LIB\libMESH.a(mesh_buf.o)
                0x0000000000006514                net_buf_simple_add_be16
 .text.net_buf_simple_add_be32
                0x0000000000006542       0x3e D:\MESH\CH592EVT\EVT\EXAM\BLE\MESH\MESH_LIB\libMESH.a(mesh_buf.o)
                0x0000000000006542                net_buf_simple_add_be32
 .text.net_buf_simple_pull_u8
                0x0000000000006580       0x16 D:\MESH\CH592EVT\EVT\EXAM\BLE\MESH\MESH_LIB\libMESH.a(mesh_buf.o)
                0x0000000000006580                net_buf_simple_pull_u8
 .text.net_buf_simple_pull_le16
                0x0000000000006596       0x28 D:\MESH\CH592EVT\EVT\EXAM\BLE\MESH\MESH_LIB\libMESH.a(mesh_buf.o)
                0x0000000000006596                net_buf_simple_pull_le16
 .text.net_buf_simple_pull_be16
                0x00000000000065be       0x34 D:\MESH\CH592EVT\EVT\EXAM\BLE\MESH\MESH_LIB\libMESH.a(mesh_buf.o)
                0x00000000000065be                net_buf_simple_pull_be16
 .text.net_buf_simple_pull_be32
                0x00000000000065f2       0x44 D:\MESH\CH592EVT\EVT\EXAM\BLE\MESH\MESH_LIB\libMESH.a(mesh_buf.o)
                0x00000000000065f2                net_buf_simple_pull_be32
 .text.net_buf_simple_reserve
                0x0000000000006636        0x8 D:\MESH\CH592EVT\EVT\EXAM\BLE\MESH\MESH_LIB\libMESH.a(mesh_buf.o)
                0x0000000000006636                net_buf_simple_reserve
 .text.net_buf_slist_put
                0x000000000000663e       0x24 D:\MESH\CH592EVT\EVT\EXAM\BLE\MESH\MESH_LIB\libMESH.a(mesh_buf.o)
                0x000000000000663e                net_buf_slist_put
 .text.net_buf_slist_get
                0x0000000000006662       0x42 D:\MESH\CH592EVT\EVT\EXAM\BLE\MESH\MESH_LIB\libMESH.a(mesh_buf.o)
                0x0000000000006662                net_buf_slist_get
 .text.net_buf_id
                0x00000000000066a4       0x1a D:\MESH\CH592EVT\EVT\EXAM\BLE\MESH\MESH_LIB\libMESH.a(mesh_buf.o)
                0x00000000000066a4                net_buf_id
 .text.pool_get_buf
                0x00000000000066be        0xc D:\MESH\CH592EVT\EVT\EXAM\BLE\MESH\MESH_LIB\libMESH.a(mesh_buf.o)
                0x00000000000066be                pool_get_buf
 .text.net_buf_ref
                0x00000000000066ca        0xc D:\MESH\CH592EVT\EVT\EXAM\BLE\MESH\MESH_LIB\libMESH.a(mesh_buf.o)
                0x00000000000066ca                net_buf_ref
 .text.net_buf_unref
                0x00000000000066d6       0x56 D:\MESH\CH592EVT\EVT\EXAM\BLE\MESH\MESH_LIB\libMESH.a(mesh_buf.o)
                0x00000000000066d6                net_buf_unref
 .text.net_buf_alloc_len
                0x000000000000672c       0x76 D:\MESH\CH592EVT\EVT\EXAM\BLE\MESH\MESH_LIB\libMESH.a(mesh_buf.o)
                0x000000000000672c                net_buf_alloc_len
 .text.cli_prepare
                0x00000000000067a2       0x1e D:\MESH\CH592EVT\EVT\EXAM\BLE\MESH\MESH_LIB\libMESH.a(mesh_cfg_cli.o)
 .text.cli_reset
                0x00000000000067c0       0x20 D:\MESH\CH592EVT\EVT\EXAM\BLE\MESH\MESH_LIB\libMESH.a(mesh_cfg_cli.o)
 .text.cfg_rsp_recv
                0x00000000000067e0       0x30 D:\MESH\CH592EVT\EVT\EXAM\BLE\MESH\MESH_LIB\libMESH.a(mesh_cfg_cli.o)
 .text.cfg_cli_init
                0x0000000000006810       0x40 D:\MESH\CH592EVT\EVT\EXAM\BLE\MESH\MESH_LIB\libMESH.a(mesh_cfg_cli.o)
 .text.sync_handler
                0x0000000000006850       0x2e D:\MESH\CH592EVT\EVT\EXAM\BLE\MESH\MESH_LIB\libMESH.a(mesh_cfg_cli.o)
 .text.cli_wait
                0x000000000000687e       0x22 D:\MESH\CH592EVT\EVT\EXAM\BLE\MESH\MESH_LIB\libMESH.a(mesh_cfg_cli.o)
 .text.mod_app_bind
                0x00000000000068a0       0xb8 D:\MESH\CH592EVT\EVT\EXAM\BLE\MESH\MESH_LIB\libMESH.a(mesh_cfg_cli.o)
 .text.mod_sub  0x0000000000006958       0xb6 D:\MESH\CH592EVT\EVT\EXAM\BLE\MESH\MESH_LIB\libMESH.a(mesh_cfg_cli.o)
 .text.cfg_app_key
                0x0000000000006a0e       0x94 D:\MESH\CH592EVT\EVT\EXAM\BLE\MESH\MESH_LIB\libMESH.a(mesh_cfg_cli.o)
 .text.vnd_sub_list
                0x0000000000006aa2       0xb8 D:\MESH\CH592EVT\EVT\EXAM\BLE\MESH\MESH_LIB\libMESH.a(mesh_cfg_cli.o)
 .text.sig_sub_list
                0x0000000000006b5a       0xb4 D:\MESH\CH592EVT\EVT\EXAM\BLE\MESH\MESH_LIB\libMESH.a(mesh_cfg_cli.o)
 .text.app_key_list
                0x0000000000006c0e       0xa2 D:\MESH\CH592EVT\EVT\EXAM\BLE\MESH\MESH_LIB\libMESH.a(mesh_cfg_cli.o)
 .text.vnd_app_list
                0x0000000000006cb0       0xb8 D:\MESH\CH592EVT\EVT\EXAM\BLE\MESH\MESH_LIB\libMESH.a(mesh_cfg_cli.o)
 .text.sig_app_list
                0x0000000000006d68       0xb4 D:\MESH\CH592EVT\EVT\EXAM\BLE\MESH\MESH_LIB\libMESH.a(mesh_cfg_cli.o)
 .text.krp_status
                0x0000000000006e1c       0x48 D:\MESH\CH592EVT\EVT\EXAM\BLE\MESH\MESH_LIB\libMESH.a(mesh_cfg_cli.o)
 .text.node_id_status
                0x0000000000006e64       0x4a D:\MESH\CH592EVT\EVT\EXAM\BLE\MESH\MESH_LIB\libMESH.a(mesh_cfg_cli.o)
 .text.reset_status
                0x0000000000006eae       0x2c D:\MESH\CH592EVT\EVT\EXAM\BLE\MESH\MESH_LIB\libMESH.a(mesh_cfg_cli.o)
 .text.net_transmit
                0x0000000000006eda       0x36 D:\MESH\CH592EVT\EVT\EXAM\BLE\MESH\MESH_LIB\libMESH.a(mesh_cfg_cli.o)
 .text.lpn_polltimeout_status
                0x0000000000006f10       0x52 D:\MESH\CH592EVT\EVT\EXAM\BLE\MESH\MESH_LIB\libMESH.a(mesh_cfg_cli.o)
 .text.hb_pub_status
                0x0000000000006f62       0x6e D:\MESH\CH592EVT\EVT\EXAM\BLE\MESH\MESH_LIB\libMESH.a(mesh_cfg_cli.o)
 .text.hb_sub_status
                0x0000000000006fd0       0x72 D:\MESH\CH592EVT\EVT\EXAM\BLE\MESH\MESH_LIB\libMESH.a(mesh_cfg_cli.o)
 .text.mod_sub_status.part.13
                0x0000000000007042       0x3e D:\MESH\CH592EVT\EVT\EXAM\BLE\MESH\MESH_LIB\libMESH.a(mesh_cfg_cli.o)
 .text.mod_sub_status
                0x0000000000007080       0x24 D:\MESH\CH592EVT\EVT\EXAM\BLE\MESH\MESH_LIB\libMESH.a(mesh_cfg_cli.o)
 .text.mod_pub_status
                0x00000000000070a4       0x74 D:\MESH\CH592EVT\EVT\EXAM\BLE\MESH\MESH_LIB\libMESH.a(mesh_cfg_cli.o)
 .text.mod_app_status
                0x0000000000007118       0x26 D:\MESH\CH592EVT\EVT\EXAM\BLE\MESH\MESH_LIB\libMESH.a(mesh_cfg_cli.o)
 .text.net_key_status
                0x000000000000713e       0x3c D:\MESH\CH592EVT\EVT\EXAM\BLE\MESH\MESH_LIB\libMESH.a(mesh_cfg_cli.o)
 .text.relay_status
                0x000000000000717a       0x40 D:\MESH\CH592EVT\EVT\EXAM\BLE\MESH\MESH_LIB\libMESH.a(mesh_cfg_cli.o)
 .text.gatt_proxy_status.part.18
                0x00000000000071ba       0x18 D:\MESH\CH592EVT\EVT\EXAM\BLE\MESH\MESH_LIB\libMESH.a(mesh_cfg_cli.o)
 .text.gatt_proxy_status
                0x00000000000071d2       0x24 D:\MESH\CH592EVT\EVT\EXAM\BLE\MESH\MESH_LIB\libMESH.a(mesh_cfg_cli.o)
 .text.friend_status
                0x00000000000071f6       0x24 D:\MESH\CH592EVT\EVT\EXAM\BLE\MESH\MESH_LIB\libMESH.a(mesh_cfg_cli.o)
 .text.ttl_status
                0x000000000000721a       0x24 D:\MESH\CH592EVT\EVT\EXAM\BLE\MESH\MESH_LIB\libMESH.a(mesh_cfg_cli.o)
 .text.beacon_status
                0x000000000000723e       0x24 D:\MESH\CH592EVT\EVT\EXAM\BLE\MESH\MESH_LIB\libMESH.a(mesh_cfg_cli.o)
 .text.comp_data_status
                0x0000000000007262       0x30 D:\MESH\CH592EVT\EVT\EXAM\BLE\MESH\MESH_LIB\libMESH.a(mesh_cfg_cli.o)
 .text.app_key_status
                0x0000000000007292       0x40 D:\MESH\CH592EVT\EVT\EXAM\BLE\MESH\MESH_LIB\libMESH.a(mesh_cfg_cli.o)
 .text.bt_mesh_cfg_app_key_add
                0x00000000000072d2       0x14 D:\MESH\CH592EVT\EVT\EXAM\BLE\MESH\MESH_LIB\libMESH.a(mesh_cfg_cli.o)
                0x00000000000072d2                bt_mesh_cfg_app_key_add
 .text.bt_mesh_cfg_mod_app_bind_vnd
                0x00000000000072e6       0x1a D:\MESH\CH592EVT\EVT\EXAM\BLE\MESH\MESH_LIB\libMESH.a(mesh_cfg_cli.o)
                0x00000000000072e6                bt_mesh_cfg_mod_app_bind_vnd
 .text.bt_mesh_cfg_mod_sub_add_vnd
                0x0000000000007300       0x2a D:\MESH\CH592EVT\EVT\EXAM\BLE\MESH\MESH_LIB\libMESH.a(mesh_cfg_cli.o)
                0x0000000000007300                bt_mesh_cfg_mod_sub_add_vnd
 .text.cfg_srv_recv
                0x000000000000732a       0x1c D:\MESH\CH592EVT\EVT\EXAM\BLE\MESH\MESH_LIB\libMESH.a(mesh_cfg_srv.o)
 .text.send_krp_status
                0x0000000000007346       0x5a D:\MESH\CH592EVT\EVT\EXAM\BLE\MESH\MESH_LIB\libMESH.a(mesh_cfg_srv.o)
 .text.send_friend_status
                0x00000000000073a0       0x44 D:\MESH\CH592EVT\EVT\EXAM\BLE\MESH\MESH_LIB\libMESH.a(mesh_cfg_srv.o)
 .text.friend_get
                0x00000000000073e4       0x18 D:\MESH\CH592EVT\EVT\EXAM\BLE\MESH\MESH_LIB\libMESH.a(mesh_cfg_srv.o)
 .text.send_net_key_status
                0x00000000000073fc       0x50 D:\MESH\CH592EVT\EVT\EXAM\BLE\MESH\MESH_LIB\libMESH.a(mesh_cfg_srv.o)
 .text.krp_get  0x000000000000744c       0x46 D:\MESH\CH592EVT\EVT\EXAM\BLE\MESH\MESH_LIB\libMESH.a(mesh_cfg_srv.o)
 .text.node_identity_get
                0x0000000000007492       0x82 D:\MESH\CH592EVT\EVT\EXAM\BLE\MESH\MESH_LIB\libMESH.a(mesh_cfg_srv.o)
 .text.hb_pub_send_status
                0x0000000000007514       0xbc D:\MESH\CH592EVT\EVT\EXAM\BLE\MESH\MESH_LIB\libMESH.a(mesh_cfg_srv.o)
 .text.heartbeat_pub_get
                0x00000000000075d0       0x1c D:\MESH\CH592EVT\EVT\EXAM\BLE\MESH\MESH_LIB\libMESH.a(mesh_cfg_srv.o)
 .text.send_mod_sub_status
                0x00000000000075ec       0x8e D:\MESH\CH592EVT\EVT\EXAM\BLE\MESH\MESH_LIB\libMESH.a(mesh_cfg_srv.o)
 .text.krp_set  0x000000000000767a       0xde D:\MESH\CH592EVT\EVT\EXAM\BLE\MESH\MESH_LIB\libMESH.a(mesh_cfg_srv.o)
 .text.lpn_timeout_get
                0x0000000000007758       0xb2 D:\MESH\CH592EVT\EVT\EXAM\BLE\MESH\MESH_LIB\libMESH.a(mesh_cfg_srv.o)
 .text.node_reset
                0x000000000000780a       0x56 D:\MESH\CH592EVT\EVT\EXAM\BLE\MESH\MESH_LIB\libMESH.a(mesh_cfg_srv.o)
 .text.app_key_is_valid
                0x0000000000007860       0x48 D:\MESH\CH592EVT\EVT\EXAM\BLE\MESH\MESH_LIB\libMESH.a(mesh_cfg_srv.o)
 .text.va_find  0x00000000000078a8       0x58 D:\MESH\CH592EVT\EVT\EXAM\BLE\MESH\MESH_LIB\libMESH.a(mesh_cfg_srv.o)
 .text.node_identity_set
                0x0000000000007900       0xcc D:\MESH\CH592EVT\EVT\EXAM\BLE\MESH\MESH_LIB\libMESH.a(mesh_cfg_srv.o)
 .text.net_key_update
                0x00000000000079cc       0xe0 D:\MESH\CH592EVT\EVT\EXAM\BLE\MESH\MESH_LIB\libMESH.a(mesh_cfg_srv.o)
 .text.net_key_add
                0x0000000000007aac       0xee D:\MESH\CH592EVT\EVT\EXAM\BLE\MESH\MESH_LIB\libMESH.a(mesh_cfg_srv.o)
 .text.mod_sub_get_vnd
                0x0000000000007b9a      0x13a D:\MESH\CH592EVT\EVT\EXAM\BLE\MESH\MESH_LIB\libMESH.a(mesh_cfg_srv.o)
 .text.mod_sub_get
                0x0000000000007cd4      0x118 D:\MESH\CH592EVT\EVT\EXAM\BLE\MESH\MESH_LIB\libMESH.a(mesh_cfg_srv.o)
 .text.cfg_srv_init
                0x0000000000007dec       0xba D:\MESH\CH592EVT\EVT\EXAM\BLE\MESH\MESH_LIB\libMESH.a(mesh_cfg_srv.o)
 .text.hb_publish
                0x0000000000007ea6       0x30 D:\MESH\CH592EVT\EVT\EXAM\BLE\MESH\MESH_LIB\libMESH.a(mesh_cfg_srv.o)
 .text.create_mod_app_status.isra.3
                0x0000000000007ed6       0x6e D:\MESH\CH592EVT\EVT\EXAM\BLE\MESH\MESH_LIB\libMESH.a(mesh_cfg_srv.o)
 .text.friend_set
                0x0000000000007f44       0x7c D:\MESH\CH592EVT\EVT\EXAM\BLE\MESH\MESH_LIB\libMESH.a(mesh_cfg_srv.o)
 .text.get_model
                0x0000000000007fc0       0x4c D:\MESH\CH592EVT\EVT\EXAM\BLE\MESH\MESH_LIB\libMESH.a(mesh_cfg_srv.o)
 .text.mod_app_get
                0x000000000000800c      0x134 D:\MESH\CH592EVT\EVT\EXAM\BLE\MESH\MESH_LIB\libMESH.a(mesh_cfg_srv.o)
 .text.mod_app_bind
                0x0000000000008140      0x10a D:\MESH\CH592EVT\EVT\EXAM\BLE\MESH\MESH_LIB\libMESH.a(mesh_cfg_srv.o)
 .text.mod_sub_del
                0x000000000000824a       0xd8 D:\MESH\CH592EVT\EVT\EXAM\BLE\MESH\MESH_LIB\libMESH.a(mesh_cfg_srv.o)
 .text.mod_sub_add
                0x0000000000008322       0xf0 D:\MESH\CH592EVT\EVT\EXAM\BLE\MESH\MESH_LIB\libMESH.a(mesh_cfg_srv.o)
 .text.send_mod_pub_status.isra.8
                0x0000000000008412       0xde D:\MESH\CH592EVT\EVT\EXAM\BLE\MESH\MESH_LIB\libMESH.a(mesh_cfg_srv.o)
 .text.mod_pub_get
                0x00000000000084f0       0x80 D:\MESH\CH592EVT\EVT\EXAM\BLE\MESH\MESH_LIB\libMESH.a(mesh_cfg_srv.o)
 .text.dev_comp_data_get
                0x0000000000008570      0x164 D:\MESH\CH592EVT\EVT\EXAM\BLE\MESH\MESH_LIB\libMESH.a(mesh_cfg_srv.o)
 .text.va_store
                0x00000000000086d4       0x14 D:\MESH\CH592EVT\EVT\EXAM\BLE\MESH\MESH_LIB\libMESH.a(mesh_cfg_srv.o)
 .text.va_del   0x00000000000086e8       0x36 D:\MESH\CH592EVT\EVT\EXAM\BLE\MESH\MESH_LIB\libMESH.a(mesh_cfg_srv.o)
 .text.mod_sub_va_del
                0x000000000000871e       0xe0 D:\MESH\CH592EVT\EVT\EXAM\BLE\MESH\MESH_LIB\libMESH.a(mesh_cfg_srv.o)
 .text.va_add   0x00000000000087fe       0x60 D:\MESH\CH592EVT\EVT\EXAM\BLE\MESH\MESH_LIB\libMESH.a(mesh_cfg_srv.o)
 .text.mod_sub_va_add
                0x000000000000885e      0x102 D:\MESH\CH592EVT\EVT\EXAM\BLE\MESH\MESH_LIB\libMESH.a(mesh_cfg_srv.o)
 .text.hb_pwr2.constprop.15
                0x0000000000008960       0x2a D:\MESH\CH592EVT\EVT\EXAM\BLE\MESH\MESH_LIB\libMESH.a(mesh_cfg_srv.o)
 .text.hb_start
                0x000000000000898a       0x48 D:\MESH\CH592EVT\EVT\EXAM\BLE\MESH\MESH_LIB\libMESH.a(mesh_cfg_srv.o)
 .text.heartbeat_pub_set
                0x00000000000089d2      0x12c D:\MESH\CH592EVT\EVT\EXAM\BLE\MESH\MESH_LIB\libMESH.a(mesh_cfg_srv.o)
 .text.hb_sub_send_status.constprop.13
                0x0000000000008afe       0xde D:\MESH\CH592EVT\EVT\EXAM\BLE\MESH\MESH_LIB\libMESH.a(mesh_cfg_srv.o)
 .text.heartbeat_sub_get
                0x0000000000008bdc       0x18 D:\MESH\CH592EVT\EVT\EXAM\BLE\MESH\MESH_LIB\libMESH.a(mesh_cfg_srv.o)
 .text.heartbeat_sub_set
                0x0000000000008bf4      0x100 D:\MESH\CH592EVT\EVT\EXAM\BLE\MESH\MESH_LIB\libMESH.a(mesh_cfg_srv.o)
 .text._set_mesh_configserver_buf
                0x0000000000008cf4       0x28 D:\MESH\CH592EVT\EVT\EXAM\BLE\MESH\MESH_LIB\libMESH.a(mesh_cfg_srv.o)
                0x0000000000008cf4                _set_mesh_configserver_buf
 .text.bt_mesh_relay_init
                0x0000000000008d1c        0xc D:\MESH\CH592EVT\EVT\EXAM\BLE\MESH\MESH_LIB\libMESH.a(mesh_cfg_srv.o)
                0x0000000000008d1c                bt_mesh_relay_init
 .text.bt_mesh_heartbeat
                0x0000000000008d28       0x74 D:\MESH\CH592EVT\EVT\EXAM\BLE\MESH\MESH_LIB\libMESH.a(mesh_cfg_srv.o)
                0x0000000000008d28                bt_mesh_heartbeat
 .text.bt_mesh_net_transmit_get
                0x0000000000008d9c       0x14 D:\MESH\CH592EVT\EVT\EXAM\BLE\MESH\MESH_LIB\libMESH.a(mesh_cfg_srv.o)
                0x0000000000008d9c                bt_mesh_net_transmit_get
 .text.net_transmit_set
                0x0000000000008db0       0x70 D:\MESH\CH592EVT\EVT\EXAM\BLE\MESH\MESH_LIB\libMESH.a(mesh_cfg_srv.o)
 .text.net_transmit_get
                0x0000000000008e20       0x50 D:\MESH\CH592EVT\EVT\EXAM\BLE\MESH\MESH_LIB\libMESH.a(mesh_cfg_srv.o)
 .text.bt_mesh_relay_get
                0x0000000000008e70       0x14 D:\MESH\CH592EVT\EVT\EXAM\BLE\MESH\MESH_LIB\libMESH.a(mesh_cfg_srv.o)
                0x0000000000008e70                bt_mesh_relay_get
 .text.bt_mesh_friend_get
                0x0000000000008e84       0x14 D:\MESH\CH592EVT\EVT\EXAM\BLE\MESH\MESH_LIB\libMESH.a(mesh_cfg_srv.o)
                0x0000000000008e84                bt_mesh_friend_get
 .text.bt_mesh_relay_retransmit_get
                0x0000000000008e98       0x14 D:\MESH\CH592EVT\EVT\EXAM\BLE\MESH\MESH_LIB\libMESH.a(mesh_cfg_srv.o)
                0x0000000000008e98                bt_mesh_relay_retransmit_get
 .text.relay_set
                0x0000000000008eac       0xae D:\MESH\CH592EVT\EVT\EXAM\BLE\MESH\MESH_LIB\libMESH.a(mesh_cfg_srv.o)
 .text.relay_get
                0x0000000000008f5a       0x5c D:\MESH\CH592EVT\EVT\EXAM\BLE\MESH\MESH_LIB\libMESH.a(mesh_cfg_srv.o)
 .text.bt_mesh_beacon_get
                0x0000000000008fb6       0x14 D:\MESH\CH592EVT\EVT\EXAM\BLE\MESH\MESH_LIB\libMESH.a(mesh_cfg_srv.o)
                0x0000000000008fb6                bt_mesh_beacon_get
 .text.beacon_set
                0x0000000000008fca       0x8c D:\MESH\CH592EVT\EVT\EXAM\BLE\MESH\MESH_LIB\libMESH.a(mesh_cfg_srv.o)
 .text.beacon_get
                0x0000000000009056       0x4e D:\MESH\CH592EVT\EVT\EXAM\BLE\MESH\MESH_LIB\libMESH.a(mesh_cfg_srv.o)
 .text.bt_mesh_gatt_proxy_get
                0x00000000000090a4       0x14 D:\MESH\CH592EVT\EVT\EXAM\BLE\MESH\MESH_LIB\libMESH.a(mesh_cfg_srv.o)
                0x00000000000090a4                bt_mesh_gatt_proxy_get
 .text.send_gatt_proxy_status
                0x00000000000090b8       0x42 D:\MESH\CH592EVT\EVT\EXAM\BLE\MESH\MESH_LIB\libMESH.a(mesh_cfg_srv.o)
 .text.gatt_proxy_get
                0x00000000000090fa       0x18 D:\MESH\CH592EVT\EVT\EXAM\BLE\MESH\MESH_LIB\libMESH.a(mesh_cfg_srv.o)
 .text.gatt_proxy_set
                0x0000000000009112       0x7c D:\MESH\CH592EVT\EVT\EXAM\BLE\MESH\MESH_LIB\libMESH.a(mesh_cfg_srv.o)
 .text.bt_mesh_default_ttl_get
                0x000000000000918e       0x14 D:\MESH\CH592EVT\EVT\EXAM\BLE\MESH\MESH_LIB\libMESH.a(mesh_cfg_srv.o)
                0x000000000000918e                bt_mesh_default_ttl_get
 .text.default_ttl_set
                0x00000000000091a2       0x86 D:\MESH\CH592EVT\EVT\EXAM\BLE\MESH\MESH_LIB\libMESH.a(mesh_cfg_srv.o)
 .text.default_ttl_get
                0x0000000000009228       0x4e D:\MESH\CH592EVT\EVT\EXAM\BLE\MESH\MESH_LIB\libMESH.a(mesh_cfg_srv.o)
 .text.bt_mesh_label_uuid_get
                0x0000000000009276       0x3a D:\MESH\CH592EVT\EVT\EXAM\BLE\MESH\MESH_LIB\libMESH.a(mesh_cfg_srv.o)
                0x0000000000009276                bt_mesh_label_uuid_get
 .text._mod_pub_set
                0x00000000000092b0      0x112 D:\MESH\CH592EVT\EVT\EXAM\BLE\MESH\MESH_LIB\libMESH.a(mesh_cfg_srv.o)
 .text.mod_unbind.part.11
                0x00000000000093c2       0x66 D:\MESH\CH592EVT\EVT\EXAM\BLE\MESH\MESH_LIB\libMESH.a(mesh_cfg_srv.o)
 .text.mod_app_unbind
                0x0000000000009428       0xc0 D:\MESH\CH592EVT\EVT\EXAM\BLE\MESH\MESH_LIB\libMESH.a(mesh_cfg_srv.o)
 .text._mod_unbind
                0x00000000000094e8       0x2c D:\MESH\CH592EVT\EVT\EXAM\BLE\MESH\MESH_LIB\libMESH.a(mesh_cfg_srv.o)
 .text.mod_pub_va_set
                0x0000000000009514       0xfe D:\MESH\CH592EVT\EVT\EXAM\BLE\MESH\MESH_LIB\libMESH.a(mesh_cfg_srv.o)
 .text.mod_pub_set
                0x0000000000009612       0xdc D:\MESH\CH592EVT\EVT\EXAM\BLE\MESH\MESH_LIB\libMESH.a(mesh_cfg_srv.o)
 .text.mod_sub_list_clear.isra.12
                0x00000000000096ee       0x78 D:\MESH\CH592EVT\EVT\EXAM\BLE\MESH\MESH_LIB\libMESH.a(mesh_cfg_srv.o)
 .text.mod_sub_del_all
                0x0000000000009766       0xae D:\MESH\CH592EVT\EVT\EXAM\BLE\MESH\MESH_LIB\libMESH.a(mesh_cfg_srv.o)
 .text.mod_sub_va_overwrite
                0x0000000000009814       0xf0 D:\MESH\CH592EVT\EVT\EXAM\BLE\MESH\MESH_LIB\libMESH.a(mesh_cfg_srv.o)
 .text.mod_sub_overwrite
                0x0000000000009904       0xe8 D:\MESH\CH592EVT\EVT\EXAM\BLE\MESH\MESH_LIB\libMESH.a(mesh_cfg_srv.o)
 .text.mod_reset
                0x00000000000099ec       0x32 D:\MESH\CH592EVT\EVT\EXAM\BLE\MESH\MESH_LIB\libMESH.a(mesh_cfg_srv.o)
 .text.bt_mesh_hb_pub_get
                0x0000000000009a1e       0x14 D:\MESH\CH592EVT\EVT\EXAM\BLE\MESH\MESH_LIB\libMESH.a(mesh_cfg_srv.o)
                0x0000000000009a1e                bt_mesh_hb_pub_get
 .text.bt_mesh_cfg_get
                0x0000000000009a32        0xc D:\MESH\CH592EVT\EVT\EXAM\BLE\MESH\MESH_LIB\libMESH.a(mesh_cfg_srv.o)
                0x0000000000009a32                bt_mesh_cfg_get
 .text.key_idx_pack
                0x0000000000009a3e       0x2c D:\MESH\CH592EVT\EVT\EXAM\BLE\MESH\MESH_LIB\libMESH.a(mesh_cfg_srv.o)
                0x0000000000009a3e                key_idx_pack
 .text.net_key_get
                0x0000000000009a6a       0xa4 D:\MESH\CH592EVT\EVT\EXAM\BLE\MESH\MESH_LIB\libMESH.a(mesh_cfg_srv.o)
 .text.app_key_get
                0x0000000000009b0e       0xd4 D:\MESH\CH592EVT\EVT\EXAM\BLE\MESH\MESH_LIB\libMESH.a(mesh_cfg_srv.o)
 .text.key_idx_unpack
                0x0000000000009be2       0x36 D:\MESH\CH592EVT\EVT\EXAM\BLE\MESH\MESH_LIB\libMESH.a(mesh_cfg_srv.o)
                0x0000000000009be2                key_idx_unpack
 .text.bt_mesh_app_key_alloc
                0x0000000000009c18       0x3a D:\MESH\CH592EVT\EVT\EXAM\BLE\MESH\MESH_LIB\libMESH.a(mesh_cfg_srv.o)
                0x0000000000009c18                bt_mesh_app_key_alloc
 .text.app_key_set
                0x0000000000009c52       0xc4 D:\MESH\CH592EVT\EVT\EXAM\BLE\MESH\MESH_LIB\libMESH.a(mesh_cfg_srv.o)
 .text.app_key_update
                0x0000000000009d16       0x88 D:\MESH\CH592EVT\EVT\EXAM\BLE\MESH\MESH_LIB\libMESH.a(mesh_cfg_srv.o)
 .text.app_key_add
                0x0000000000009d9e       0x86 D:\MESH\CH592EVT\EVT\EXAM\BLE\MESH\MESH_LIB\libMESH.a(mesh_cfg_srv.o)
 .text.get_label
                0x0000000000009e24        0xc D:\MESH\CH592EVT\EVT\EXAM\BLE\MESH\MESH_LIB\libMESH.a(mesh_cfg_srv.o)
                0x0000000000009e24                get_label
 .text.bt_mesh_app_key_del
                0x0000000000009e30       0x46 D:\MESH\CH592EVT\EVT\EXAM\BLE\MESH\MESH_LIB\libMESH.a(mesh_cfg_srv.o)
                0x0000000000009e30                bt_mesh_app_key_del
 .text.app_key_del
                0x0000000000009e76       0xa2 D:\MESH\CH592EVT\EVT\EXAM\BLE\MESH\MESH_LIB\libMESH.a(mesh_cfg_srv.o)
 .text.bt_mesh_subnet_del
                0x0000000000009f18       0xa0 D:\MESH\CH592EVT\EVT\EXAM\BLE\MESH\MESH_LIB\libMESH.a(mesh_cfg_srv.o)
                0x0000000000009f18                bt_mesh_subnet_del
 .text.net_key_del
                0x0000000000009fb8       0x64 D:\MESH\CH592EVT\EVT\EXAM\BLE\MESH\MESH_LIB\libMESH.a(mesh_cfg_srv.o)
 .text.bt_mesh_cfg_reset
                0x000000000000a01c       0x6c D:\MESH\CH592EVT\EVT\EXAM\BLE\MESH\MESH_LIB\libMESH.a(mesh_cfg_srv.o)
                0x000000000000a01c                bt_mesh_cfg_reset
 .text.sys_put_be32
                0x000000000000a088       0x22 D:\MESH\CH592EVT\EVT\EXAM\BLE\MESH\MESH_LIB\libMESH.a(mesh_crypto.o)
 .text.create_net_nonce
                0x000000000000a0aa       0x4e D:\MESH\CH592EVT\EVT\EXAM\BLE\MESH\MESH_LIB\libMESH.a(mesh_crypto.o)
 .text.uECC_RNG_CB
                0x000000000000a0f8       0x64 D:\MESH\CH592EVT\EVT\EXAM\BLE\MESH\MESH_LIB\libMESH.a(mesh_crypto.o)
 .text._copy    0x000000000000a15c       0x26 D:\MESH\CH592EVT\EVT\EXAM\BLE\MESH\MESH_LIB\libMESH.a(mesh_crypto.o)
                0x000000000000a15c                _copy
 .text.gf_double
                0x000000000000a182       0x2e D:\MESH\CH592EVT\EVT\EXAM\BLE\MESH\MESH_LIB\libMESH.a(mesh_crypto.o)
                0x000000000000a182                gf_double
 .text.tc_aes_encrypt
                0x000000000000a1b0       0x16 D:\MESH\CH592EVT\EVT\EXAM\BLE\MESH\MESH_LIB\libMESH.a(mesh_crypto.o)
                0x000000000000a1b0                tc_aes_encrypt
 .text.tc_aes128_set_encrypt_key
                0x000000000000a1c6       0x1e D:\MESH\CH592EVT\EVT\EXAM\BLE\MESH\MESH_LIB\libMESH.a(mesh_crypto.o)
                0x000000000000a1c6                tc_aes128_set_encrypt_key
 .text.tc_cmac_init
                0x000000000000a1e4       0x32 D:\MESH\CH592EVT\EVT\EXAM\BLE\MESH\MESH_LIB\libMESH.a(mesh_crypto.o)
                0x000000000000a1e4                tc_cmac_init
 .text.tc_cmac_setup
                0x000000000000a216       0x60 D:\MESH\CH592EVT\EVT\EXAM\BLE\MESH\MESH_LIB\libMESH.a(mesh_crypto.o)
                0x000000000000a216                tc_cmac_setup
 .text.bt_mesh_rand
                0x000000000000a276       0x64 D:\MESH\CH592EVT\EVT\EXAM\BLE\MESH\MESH_LIB\libMESH.a(mesh_crypto.o)
                0x000000000000a276                bt_mesh_rand
 .text.tc_cmac_update
                0x000000000000a2da       0xe0 D:\MESH\CH592EVT\EVT\EXAM\BLE\MESH\MESH_LIB\libMESH.a(mesh_crypto.o)
                0x000000000000a2da                tc_cmac_update
 .text.tc_cmac_erase
                0x000000000000a3ba       0x1a D:\MESH\CH592EVT\EVT\EXAM\BLE\MESH\MESH_LIB\libMESH.a(mesh_crypto.o)
                0x000000000000a3ba                tc_cmac_erase
 .text.tc_cmac_final
                0x000000000000a3d4       0x7c D:\MESH\CH592EVT\EVT\EXAM\BLE\MESH\MESH_LIB\libMESH.a(mesh_crypto.o)
                0x000000000000a3d4                tc_cmac_final
 .text.bt_mesh_aes_cmac
                0x000000000000a450       0x42 D:\MESH\CH592EVT\EVT\EXAM\BLE\MESH\MESH_LIB\libMESH.a(mesh_crypto.o)
                0x000000000000a450                bt_mesh_aes_cmac
 .text.bt_mesh_aes_cmac_one
                0x000000000000a492       0x18 D:\MESH\CH592EVT\EVT\EXAM\BLE\MESH\MESH_LIB\libMESH.a(mesh_crypto.o)
 .text.bt_mesh_s1
                0x000000000000a4aa       0x2c D:\MESH\CH592EVT\EVT\EXAM\BLE\MESH\MESH_LIB\libMESH.a(mesh_crypto.o)
 .text.bt_mesh_beacon_auth
                0x000000000000a4d6       0x4e D:\MESH\CH592EVT\EVT\EXAM\BLE\MESH\MESH_LIB\libMESH.a(mesh_crypto.o)
                0x000000000000a4d6                bt_mesh_beacon_auth
 .text.bt_encrypt_be
                0x000000000000a524       0x2c D:\MESH\CH592EVT\EVT\EXAM\BLE\MESH\MESH_LIB\libMESH.a(mesh_crypto.o)
                0x000000000000a524                bt_encrypt_be
 .text.bt_mesh_ccm_encrypt
                0x000000000000a550      0x2b8 D:\MESH\CH592EVT\EVT\EXAM\BLE\MESH\MESH_LIB\libMESH.a(mesh_crypto.o)
 .text.bt_mesh_ccm_decrypt
                0x000000000000a808      0x2e0 D:\MESH\CH592EVT\EVT\EXAM\BLE\MESH\MESH_LIB\libMESH.a(mesh_crypto.o)
 .text.bt_mesh_net_obfuscate
                0x000000000000aae8       0x5a D:\MESH\CH592EVT\EVT\EXAM\BLE\MESH\MESH_LIB\libMESH.a(mesh_crypto.o)
                0x000000000000aae8                bt_mesh_net_obfuscate
 .text.bt_mesh_net_encrypt
                0x000000000000ab42       0xac D:\MESH\CH592EVT\EVT\EXAM\BLE\MESH\MESH_LIB\libMESH.a(mesh_crypto.o)
                0x000000000000ab42                bt_mesh_net_encrypt
 .text.bt_mesh_net_decrypt
                0x000000000000abee       0xa8 D:\MESH\CH592EVT\EVT\EXAM\BLE\MESH\MESH_LIB\libMESH.a(mesh_crypto.o)
                0x000000000000abee                bt_mesh_net_decrypt
 .text.bt_mesh_app_encrypt
                0x000000000000ac96       0x8a D:\MESH\CH592EVT\EVT\EXAM\BLE\MESH\MESH_LIB\libMESH.a(mesh_crypto.o)
                0x000000000000ac96                bt_mesh_app_encrypt
 .text.bt_mesh_app_decrypt
                0x000000000000ad20       0x8a D:\MESH\CH592EVT\EVT\EXAM\BLE\MESH\MESH_LIB\libMESH.a(mesh_crypto.o)
                0x000000000000ad20                bt_mesh_app_decrypt
 .text.bt_mesh_fcs_calc
                0x000000000000adaa       0x2c D:\MESH\CH592EVT\EVT\EXAM\BLE\MESH\MESH_LIB\libMESH.a(mesh_crypto.o)
                0x000000000000adaa                bt_mesh_fcs_calc
 .text.bt_mesh_fcs_check
                0x000000000000add6       0x44 D:\MESH\CH592EVT\EVT\EXAM\BLE\MESH\MESH_LIB\libMESH.a(mesh_crypto.o)
                0x000000000000add6                bt_mesh_fcs_check
 .text.bt_mesh_k1
                0x000000000000ae1a       0x30 D:\MESH\CH592EVT\EVT\EXAM\BLE\MESH\MESH_LIB\libMESH.a(mesh_crypto.o)
                0x000000000000ae1a                bt_mesh_k1
 .text.bt_mesh_k2
                0x000000000000ae4a       0xb8 D:\MESH\CH592EVT\EVT\EXAM\BLE\MESH\MESH_LIB\libMESH.a(mesh_crypto.o)
                0x000000000000ae4a                bt_mesh_k2
 .text.bt_mesh_k3
                0x000000000000af02       0x62 D:\MESH\CH592EVT\EVT\EXAM\BLE\MESH\MESH_LIB\libMESH.a(mesh_crypto.o)
                0x000000000000af02                bt_mesh_k3
 .text.bt_mesh_k4
                0x000000000000af64       0x54 D:\MESH\CH592EVT\EVT\EXAM\BLE\MESH\MESH_LIB\libMESH.a(mesh_crypto.o)
                0x000000000000af64                bt_mesh_k4
 .text.bt_mesh_prov_encrypt
                0x000000000000afb8       0x16 D:\MESH\CH592EVT\EVT\EXAM\BLE\MESH\MESH_LIB\libMESH.a(mesh_crypto.o)
                0x000000000000afb8                bt_mesh_prov_encrypt
 .text.bt_mesh_prov_decrypt
                0x000000000000afce       0x16 D:\MESH\CH592EVT\EVT\EXAM\BLE\MESH\MESH_LIB\libMESH.a(mesh_crypto.o)
                0x000000000000afce                bt_mesh_prov_decrypt
 .text.bt_mesh_id128
                0x000000000000afe4       0x2e D:\MESH\CH592EVT\EVT\EXAM\BLE\MESH\MESH_LIB\libMESH.a(mesh_crypto.o)
                0x000000000000afe4                bt_mesh_id128
 .text.bt_mesh_prov_conf
                0x000000000000b012       0x1e D:\MESH\CH592EVT\EVT\EXAM\BLE\MESH\MESH_LIB\libMESH.a(mesh_crypto.o)
                0x000000000000b012                bt_mesh_prov_conf
 .text.bt_mesh_prov_conf_salt
                0x000000000000b030       0x22 D:\MESH\CH592EVT\EVT\EXAM\BLE\MESH\MESH_LIB\libMESH.a(mesh_crypto.o)
                0x000000000000b030                bt_mesh_prov_conf_salt
 .text.bt_mesh_prov_conf_key
                0x000000000000b052       0x1c D:\MESH\CH592EVT\EVT\EXAM\BLE\MESH\MESH_LIB\libMESH.a(mesh_crypto.o)
                0x000000000000b052                bt_mesh_prov_conf_key
 .text.bt_mesh_prov_salt
                0x000000000000b06e       0x2c D:\MESH\CH592EVT\EVT\EXAM\BLE\MESH\MESH_LIB\libMESH.a(mesh_crypto.o)
                0x000000000000b06e                bt_mesh_prov_salt
 .text.bt_mesh_virtual_addr
                0x000000000000b09a       0x46 D:\MESH\CH592EVT\EVT\EXAM\BLE\MESH\MESH_LIB\libMESH.a(mesh_crypto.o)
                0x000000000000b09a                bt_mesh_virtual_addr
 .text.bt_mesh_pub_key_get_alt
                0x000000000000b0e0       0x3a D:\MESH\CH592EVT\EVT\EXAM\BLE\MESH\MESH_LIB\libMESH.a(mesh_crypto.o)
                0x000000000000b0e0                bt_mesh_pub_key_get_alt
 .text.bt_mesh_dh_key_gen_alt
                0x000000000000b11a       0x32 D:\MESH\CH592EVT\EVT\EXAM\BLE\MESH\MESH_LIB\libMESH.a(mesh_crypto.o)
                0x000000000000b11a                bt_mesh_dh_key_gen_alt
 .text.ble_sm_alg_ecc_init
                0x000000000000b14c       0x20 D:\MESH\CH592EVT\EVT\EXAM\BLE\MESH\MESH_LIB\libMESH.a(mesh_crypto.o)
                0x000000000000b14c                ble_sm_alg_ecc_init
 .text.friend_adv_alloc
                0x000000000000b16c       0x18 D:\MESH\CH592EVT\EVT\EXAM\BLE\MESH\MESH_LIB\libMESH.a(mesh_friend.o)
 .text.purge_buffers
                0x000000000000b184       0x2e D:\MESH\CH592EVT\EVT\EXAM\BLE\MESH\MESH_LIB\libMESH.a(mesh_friend.o)
 .text.friend_clear
                0x000000000000b1b2       0x96 D:\MESH\CH592EVT\EVT\EXAM\BLE\MESH\MESH_LIB\libMESH.a(mesh_friend.o)
 .text.friend_lpn_matches
                0x000000000000b248       0x76 D:\MESH\CH592EVT\EVT\EXAM\BLE\MESH\MESH_LIB\libMESH.a(mesh_friend.o)
 .text.create_friend_pdu.isra.10
                0x000000000000b2be       0x94 D:\MESH\CH592EVT\EVT\EXAM\BLE\MESH\MESH_LIB\libMESH.a(mesh_friend.o)
 .text.encode_friend_ctl.isra.12
                0x000000000000b352       0x56 D:\MESH\CH592EVT\EVT\EXAM\BLE\MESH\MESH_LIB\libMESH.a(mesh_friend.o)
 .text.is_seg   0x000000000000b3a8       0x66 D:\MESH\CH592EVT\EVT\EXAM\BLE\MESH\MESH_LIB\libMESH.a(mesh_friend.o)
 .text.friend_queue_has_space.isra.5.part.6
                0x000000000000b40e       0x5a D:\MESH\CH592EVT\EVT\EXAM\BLE\MESH\MESH_LIB\libMESH.a(mesh_friend.o)
 .text.enqueue_update.constprop.21
                0x000000000000b468       0x9c D:\MESH\CH592EVT\EVT\EXAM\BLE\MESH\MESH_LIB\libMESH.a(mesh_friend.o)
 .text._set_mesh_friend_buf
                0x000000000000b504       0x98 D:\MESH\CH592EVT\EVT\EXAM\BLE\MESH\MESH_LIB\libMESH.a(mesh_friend.o)
                0x000000000000b504                _set_mesh_friend_buf
 .text.bt_mesh_friend_match
                0x000000000000b59c       0x40 D:\MESH\CH592EVT\EVT\EXAM\BLE\MESH\MESH_LIB\libMESH.a(mesh_friend.o)
                0x000000000000b59c                bt_mesh_friend_match
 .text.bt_mesh_friend_queue_has_space
                0x000000000000b5dc       0x68 D:\MESH\CH592EVT\EVT\EXAM\BLE\MESH\MESH_LIB\libMESH.a(mesh_friend.o)
                0x000000000000b5dc                bt_mesh_friend_queue_has_space
 .text.bt_mesh_friend_find
                0x000000000000b644       0x7a D:\MESH\CH592EVT\EVT\EXAM\BLE\MESH\MESH_LIB\libMESH.a(mesh_friend.o)
                0x000000000000b644                bt_mesh_friend_find
 .text.bt_mesh_friend_clear_net_idx
                0x000000000000b6be       0x46 D:\MESH\CH592EVT\EVT\EXAM\BLE\MESH\MESH_LIB\libMESH.a(mesh_friend.o)
                0x000000000000b6be                bt_mesh_friend_clear_net_idx
 .text.bt_mesh_friend_clear_incomplete
                0x000000000000b704       0x7e D:\MESH\CH592EVT\EVT\EXAM\BLE\MESH\MESH_LIB\libMESH.a(mesh_friend.o)
                0x000000000000b704                bt_mesh_friend_clear_incomplete
 .text.bt_mesh_friend_sec_update
                0x000000000000b782       0xcc D:\MESH\CH592EVT\EVT\EXAM\BLE\MESH\MESH_LIB\libMESH.a(mesh_friend.o)
                0x000000000000b782                bt_mesh_friend_sec_update
 .text.hal_rx_real
                0x000000000000b84e       0x32 D:\MESH\CH592EVT\EVT\EXAM\BLE\MESH\MESH_LIB\libMESH.a(mesh_hal_rf.o)
 .text.next_channel
                0x000000000000b880       0x8a D:\MESH\CH592EVT\EVT\EXAM\BLE\MESH\MESH_LIB\libMESH.a(mesh_hal_rf.o)
 .text.rx_req_process
                0x000000000000b90a       0x8a D:\MESH\CH592EVT\EVT\EXAM\BLE\MESH\MESH_LIB\libMESH.a(mesh_hal_rf.o)
 .text.hal_rf_ntf_cb
                0x000000000000b994       0xb6 D:\MESH\CH592EVT\EVT\EXAM\BLE\MESH\MESH_LIB\libMESH.a(mesh_hal_rf.o)
 .text.first_remove.part.3
                0x000000000000ba4a       0x3e D:\MESH\CH592EVT\EVT\EXAM\BLE\MESH\MESH_LIB\libMESH.a(mesh_hal_rf.o)
 .text.tx_timeout_process
                0x000000000000ba88       0x4a D:\MESH\CH592EVT\EVT\EXAM\BLE\MESH\MESH_LIB\libMESH.a(mesh_hal_rf.o)
 .text.hal_rf_set_rx_cb
                0x000000000000bad2        0xa D:\MESH\CH592EVT\EVT\EXAM\BLE\MESH\MESH_LIB\libMESH.a(mesh_hal_rf.o)
                0x000000000000bad2                hal_rf_set_rx_cb
 .text.tx_req_process
                0x000000000000badc       0xd6 D:\MESH\CH592EVT\EVT\EXAM\BLE\MESH\MESH_LIB\libMESH.a(mesh_hal_rf.o)
 .text.rf_process_evt
                0x000000000000bbb2      0x1ee D:\MESH\CH592EVT\EVT\EXAM\BLE\MESH\MESH_LIB\libMESH.a(mesh_hal_rf.o)
 .text.hal_rf_init
                0x000000000000bda0       0x8a D:\MESH\CH592EVT\EVT\EXAM\BLE\MESH\MESH_LIB\libMESH.a(mesh_hal_rf.o)
                0x000000000000bda0                hal_rf_init
 .text.hal_rf_rx_start
                0x000000000000be2a       0xaa D:\MESH\CH592EVT\EVT\EXAM\BLE\MESH\MESH_LIB\libMESH.a(mesh_hal_rf.o)
                0x000000000000be2a                hal_rf_rx_start
 .text.hal_rf_rx_cancel
                0x000000000000bed4       0x58 D:\MESH\CH592EVT\EVT\EXAM\BLE\MESH\MESH_LIB\libMESH.a(mesh_hal_rf.o)
                0x000000000000bed4                hal_rf_rx_cancel
 .text.hal_rf_tx_send
                0x000000000000bf2c       0x64 D:\MESH\CH592EVT\EVT\EXAM\BLE\MESH\MESH_LIB\libMESH.a(mesh_hal_rf.o)
                0x000000000000bf2c                hal_rf_tx_send
 .text.cli_reset
                0x000000000000bf90       0x20 D:\MESH\CH592EVT\EVT\EXAM\BLE\MESH\MESH_LIB\libMESH.a(mesh_health_cli.o)
 .text.cfg_rsp_recv
                0x000000000000bfb0       0x30 D:\MESH\CH592EVT\EVT\EXAM\BLE\MESH\MESH_LIB\libMESH.a(mesh_health_cli.o)
 .text.health_current_status
                0x000000000000bfe0       0x3c D:\MESH\CH592EVT\EVT\EXAM\BLE\MESH\MESH_LIB\libMESH.a(mesh_health_cli.o)
 .text.health_cli_init
                0x000000000000c01c       0x38 D:\MESH\CH592EVT\EVT\EXAM\BLE\MESH\MESH_LIB\libMESH.a(mesh_health_cli.o)
 .text.sync_handler
                0x000000000000c054       0x20 D:\MESH\CH592EVT\EVT\EXAM\BLE\MESH\MESH_LIB\libMESH.a(mesh_health_cli.o)
 .text.health_attention_status
                0x000000000000c074       0x34 D:\MESH\CH592EVT\EVT\EXAM\BLE\MESH\MESH_LIB\libMESH.a(mesh_health_cli.o)
 .text.health_period_status
                0x000000000000c0a8       0x36 D:\MESH\CH592EVT\EVT\EXAM\BLE\MESH\MESH_LIB\libMESH.a(mesh_health_cli.o)
 .text.health_fault_status
                0x000000000000c0de       0x48 D:\MESH\CH592EVT\EVT\EXAM\BLE\MESH\MESH_LIB\libMESH.a(mesh_health_cli.o)
 .text.attention_off
                0x000000000000c126       0x20 D:\MESH\CH592EVT\EVT\EXAM\BLE\MESH\MESH_LIB\libMESH.a(mesh_health_srv.o)
 .text.health_period_set_unack
                0x000000000000c146       0x28 D:\MESH\CH592EVT\EVT\EXAM\BLE\MESH\MESH_LIB\libMESH.a(mesh_health_srv.o)
 .text.send_attention_status
                0x000000000000c16e       0x56 D:\MESH\CH592EVT\EVT\EXAM\BLE\MESH\MESH_LIB\libMESH.a(mesh_health_srv.o)
 .text.attention_get
                0x000000000000c1c4        0xc D:\MESH\CH592EVT\EVT\EXAM\BLE\MESH\MESH_LIB\libMESH.a(mesh_health_srv.o)
 .text.send_health_period_status
                0x000000000000c1d0       0x46 D:\MESH\CH592EVT\EVT\EXAM\BLE\MESH\MESH_LIB\libMESH.a(mesh_health_srv.o)
 .text.health_period_set
                0x000000000000c216       0x18 D:\MESH\CH592EVT\EVT\EXAM\BLE\MESH\MESH_LIB\libMESH.a(mesh_health_srv.o)
 .text.health_period_get
                0x000000000000c22e        0xc D:\MESH\CH592EVT\EVT\EXAM\BLE\MESH\MESH_LIB\libMESH.a(mesh_health_srv.o)
 .text.health_fault_test_unack
                0x000000000000c23a       0x38 D:\MESH\CH592EVT\EVT\EXAM\BLE\MESH\MESH_LIB\libMESH.a(mesh_health_srv.o)
 .text.health_fault_clear_unack
                0x000000000000c272       0x22 D:\MESH\CH592EVT\EVT\EXAM\BLE\MESH\MESH_LIB\libMESH.a(mesh_health_srv.o)
 .text.health_get_registered
                0x000000000000c294       0x76 D:\MESH\CH592EVT\EVT\EXAM\BLE\MESH\MESH_LIB\libMESH.a(mesh_health_srv.o)
 .text.health_fault_test
                0x000000000000c30a       0x48 D:\MESH\CH592EVT\EVT\EXAM\BLE\MESH\MESH_LIB\libMESH.a(mesh_health_srv.o)
 .text.health_fault_clear
                0x000000000000c352       0x50 D:\MESH\CH592EVT\EVT\EXAM\BLE\MESH\MESH_LIB\libMESH.a(mesh_health_srv.o)
 .text.health_fault_get
                0x000000000000c3a2       0x42 D:\MESH\CH592EVT\EVT\EXAM\BLE\MESH\MESH_LIB\libMESH.a(mesh_health_srv.o)
 .text.health_srv_init
                0x000000000000c3e4       0x50 D:\MESH\CH592EVT\EVT\EXAM\BLE\MESH\MESH_LIB\libMESH.a(mesh_health_srv.o)
 .text.health_pub_update
                0x000000000000c434       0xbc D:\MESH\CH592EVT\EVT\EXAM\BLE\MESH\MESH_LIB\libMESH.a(mesh_health_srv.o)
 .text.bt_mesh_attention
                0x000000000000c4f0       0x5c D:\MESH\CH592EVT\EVT\EXAM\BLE\MESH\MESH_LIB\libMESH.a(mesh_health_srv.o)
                0x000000000000c4f0                bt_mesh_attention
 .text.attention_set_unack
                0x000000000000c54c       0x18 D:\MESH\CH592EVT\EVT\EXAM\BLE\MESH\MESH_LIB\libMESH.a(mesh_health_srv.o)
 .text.attention_set
                0x000000000000c564       0x18 D:\MESH\CH592EVT\EVT\EXAM\BLE\MESH\MESH_LIB\libMESH.a(mesh_health_srv.o)
 .text.bt_mesh_atomic_test_bit
                0x000000000000c57c        0xa D:\MESH\CH592EVT\EVT\EXAM\BLE\MESH\MESH_LIB\libMESH.a(mesh_lpn.o)
 .text.send_friend_poll
                0x000000000000c586       0xba D:\MESH\CH592EVT\EVT\EXAM\BLE\MESH\MESH_LIB\libMESH.a(mesh_lpn.o)
 .text.sub_update
                0x000000000000c640      0x17e D:\MESH\CH592EVT\EVT\EXAM\BLE\MESH\MESH_LIB\libMESH.a(mesh_lpn.o)
 .text.clear_friendship
                0x000000000000c7be      0x1a2 D:\MESH\CH592EVT\EVT\EXAM\BLE\MESH\MESH_LIB\libMESH.a(mesh_lpn.o)
 .text.req_sent
                0x000000000000c960       0x74 D:\MESH\CH592EVT\EVT\EXAM\BLE\MESH\MESH_LIB\libMESH.a(mesh_lpn.o)
 .text.friend_clear_sent
                0x000000000000c9d4       0x58 D:\MESH\CH592EVT\EVT\EXAM\BLE\MESH\MESH_LIB\libMESH.a(mesh_lpn.o)
 .text.friend_response_received.constprop.5
                0x000000000000ca2c       0x6c D:\MESH\CH592EVT\EVT\EXAM\BLE\MESH\MESH_LIB\libMESH.a(mesh_lpn.o)
 .text.bt_mesh_lpn_poll
                0x000000000000ca98       0x1c D:\MESH\CH592EVT\EVT\EXAM\BLE\MESH\MESH_LIB\libMESH.a(mesh_lpn.o)
                0x000000000000ca98                bt_mesh_lpn_poll
 .text.bt_mesh_lpn_disable
                0x000000000000cab4       0x1c D:\MESH\CH592EVT\EVT\EXAM\BLE\MESH\MESH_LIB\libMESH.a(mesh_lpn.o)
                0x000000000000cab4                bt_mesh_lpn_disable
 .text.bt_mesh_lpn_group_add
                0x000000000000cad0       0x7a D:\MESH\CH592EVT\EVT\EXAM\BLE\MESH\MESH_LIB\libMESH.a(mesh_lpn.o)
                0x000000000000cad0                bt_mesh_lpn_group_add
 .text.bt_mesh_lpn_group_del
                0x000000000000cb4a       0xac D:\MESH\CH592EVT\EVT\EXAM\BLE\MESH\MESH_LIB\libMESH.a(mesh_lpn.o)
                0x000000000000cb4a                bt_mesh_lpn_group_del
 .text.bt_mesh_lpn_msg_received
                0x000000000000cbf6       0x20 D:\MESH\CH592EVT\EVT\EXAM\BLE\MESH\MESH_LIB\libMESH.a(mesh_lpn.o)
                0x000000000000cbf6                bt_mesh_lpn_msg_received
 .text.get_lsb_set
                0x000000000000cc16       0x24 D:\MESH\CH592EVT\EVT\EXAM\BLE\MESH\MESH_LIB\libMESH.a(mesh_mem.o)
                0x000000000000cc16                get_lsb_set
 .text.get_msb_set
                0x000000000000cc3a       0x22 D:\MESH\CH592EVT\EVT\EXAM\BLE\MESH\MESH_LIB\libMESH.a(mesh_mem.o)
                0x000000000000cc3a                get_msb_set
 .text.n_malloc
                0x000000000000cc5c       0xa2 D:\MESH\CH592EVT\EVT\EXAM\BLE\MESH\MESH_LIB\libMESH.a(mesh_mem.o)
                0x000000000000cc5c                n_malloc
 .text.mesh_mem_init
                0x000000000000ccfe       0x1e D:\MESH\CH592EVT\EVT\EXAM\BLE\MESH\MESH_LIB\libMESH.a(mesh_mem.o)
                0x000000000000ccfe                mesh_mem_init
 .text.bt_mesh_subnet_get.part.2
                0x000000000000cd1c       0x38 D:\MESH\CH592EVT\EVT\EXAM\BLE\MESH\MESH_LIB\libMESH.a(mesh_net.o)
 .text.net_decrypt.isra.1
                0x000000000000cd54      0x138 D:\MESH\CH592EVT\EVT\EXAM\BLE\MESH\MESH_LIB\libMESH.a(mesh_net.o)
 .text._set_mesh_net_buf
                0x000000000000ce8c      0x144 D:\MESH\CH592EVT\EVT\EXAM\BLE\MESH\MESH_LIB\libMESH.a(mesh_net.o)
                0x000000000000ce8c                _set_mesh_net_buf
 .text.bt_mesh_is_provisioned
                0x000000000000cfd0        0xe D:\MESH\CH592EVT\EVT\EXAM\BLE\MESH\MESH_LIB\libMESH.a(mesh_net.o)
                0x000000000000cfd0                bt_mesh_is_provisioned
 .text.bt_mesh_subnet_get
                0x000000000000cfde       0x22 D:\MESH\CH592EVT\EVT\EXAM\BLE\MESH\MESH_LIB\libMESH.a(mesh_net.o)
                0x000000000000cfde                bt_mesh_subnet_get
 .text.bt_mesh_net_flags
                0x000000000000d000       0x24 D:\MESH\CH592EVT\EVT\EXAM\BLE\MESH\MESH_LIB\libMESH.a(mesh_net.o)
                0x000000000000d000                bt_mesh_net_flags
 .text.bt_mesh_net_beacon_update
                0x000000000000d024       0x38 D:\MESH\CH592EVT\EVT\EXAM\BLE\MESH\MESH_LIB\libMESH.a(mesh_net.o)
                0x000000000000d024                bt_mesh_net_beacon_update
 .text.bt_mesh_net_iv_update
                0x000000000000d05c      0x176 D:\MESH\CH592EVT\EVT\EXAM\BLE\MESH\MESH_LIB\libMESH.a(mesh_net.o)
                0x000000000000d05c                bt_mesh_net_iv_update
 .text.ivu_refresh
                0x000000000000d1d2       0x7a D:\MESH\CH592EVT\EVT\EXAM\BLE\MESH\MESH_LIB\libMESH.a(mesh_net.o)
 .text.bt_mesh_net_revoke_keys
                0x000000000000d24c       0x88 D:\MESH\CH592EVT\EVT\EXAM\BLE\MESH\MESH_LIB\libMESH.a(mesh_net.o)
                0x000000000000d24c                bt_mesh_net_revoke_keys
 .text.bt_mesh_net_sec_update
                0x000000000000d2d4       0x42 D:\MESH\CH592EVT\EVT\EXAM\BLE\MESH\MESH_LIB\libMESH.a(mesh_net.o)
                0x000000000000d2d4                bt_mesh_net_sec_update
 .text.bt_mesh_next_seq
                0x000000000000d316       0x58 D:\MESH\CH592EVT\EVT\EXAM\BLE\MESH\MESH_LIB\libMESH.a(mesh_net.o)
                0x000000000000d316                bt_mesh_next_seq
 .text.bt_mesh_msg_cache_clear
                0x000000000000d36e       0x52 D:\MESH\CH592EVT\EVT\EXAM\BLE\MESH\MESH_LIB\libMESH.a(mesh_net.o)
                0x000000000000d36e                bt_mesh_msg_cache_clear
 .text.bt_mesh_net_decode
                0x000000000000d3c0      0x31a D:\MESH\CH592EVT\EVT\EXAM\BLE\MESH\MESH_LIB\libMESH.a(mesh_net.o)
                0x000000000000d3c0                bt_mesh_net_decode
 .text.bt_mesh_net_recv
                0x000000000000d6da      0x2b4 D:\MESH\CH592EVT\EVT\EXAM\BLE\MESH\MESH_LIB\libMESH.a(mesh_net.o)
                0x000000000000d6da                bt_mesh_net_recv
 .text.bt_mesh_net_local
                0x000000000000d98e       0x2e D:\MESH\CH592EVT\EVT\EXAM\BLE\MESH\MESH_LIB\libMESH.a(mesh_net.o)
 .text.bt_mesh_net_keys_create
                0x000000000000d9bc       0x7e D:\MESH\CH592EVT\EVT\EXAM\BLE\MESH\MESH_LIB\libMESH.a(mesh_net.o)
                0x000000000000d9bc                bt_mesh_net_keys_create
 .text.bt_mesh_net_create
                0x000000000000da3a       0xba D:\MESH\CH592EVT\EVT\EXAM\BLE\MESH\MESH_LIB\libMESH.a(mesh_net.o)
                0x000000000000da3a                bt_mesh_net_create
 .text.friend_cred_clear
                0x000000000000daf4       0x26 D:\MESH\CH592EVT\EVT\EXAM\BLE\MESH\MESH_LIB\libMESH.a(mesh_net.o)